../Core/Src/Battery_manager.c:45:13:BATTERY_UpdateLinearCte	0	static
../Core/Src/Battery_manager.c:54:13:BATTERY_CountFault	0	static
../Core/Src/Battery_manager.c:32:13:BATTERY_SelectChannel	40	static
../Core/Src/Battery_manager.c:97:13:BATTERY_TryStart	8	static
../Core/Src/Battery_manager.c:153:6:BATTERY_LoadDefaultCurve	0	static
../Core/Src/Battery_manager.c:163:6:BATTERY_Init	8	static
../Core/Src/Battery_manager.c:188:10:BATTERY_ReadRaw	8	static
../Core/Src/Battery_manager.c:129:17:BATTERY_ReadRawAveraged.constprop	24	static
../Core/Src/Battery_manager.c:214:7:BATTERY_VoltageFromRaw	0	static
../Core/Src/Battery_manager.c:63:13:BATTERY_Process.isra	8	static
../Core/Src/Battery_manager.c:105:13:BATTERY_TryCollect	16	static
../Core/Src/Battery_manager.c:220:7:BATTERY_ReadVoltage	8	static
../Core/Src/Battery_manager.c:234:6:BATTERY_OnCrankTooth	8	static
../Core/Src/Battery_manager.c:252:6:BATTERY_Poll	8	static
../Core/Src/Battery_manager.c:270:7:BATTERY_GetVoltage	0	static
../Core/Src/Battery_manager.c:277:7:BATTERY_GetInstant	0	static
../Core/Src/Battery_manager.c:281:6:BATTERY_IsValid	0	static
../Core/Src/Battery_manager.c:285:6:BATTERY_IsBusy	0	static
../Core/Src/Battery_manager.c:302:6:BATTERY_Calibrate_Low	24	static
../Core/Src/Battery_manager.c:320:6:BATTERY_Calibrate_High	16	static
