../Core/Src/communication_serial_protocol.c:342:16:PROTOCOL_USB_Transmit	16	static
../Core/Src/communication_serial_protocol.c:228:6:SERIAL_DirectTransmit.part.0	8	static
../Core/Src/communication_serial_protocol.c:35:6:SERIAL_Init	8	static
../Core/Src/communication_serial_protocol.c:46:9:SERIAL_QueueCommand	48	static,ignoring_inline_asm
../Core/Src/communication_serial_protocol.c:87:9:SERIAL_IsQueueFull	0	static
../Core/Src/communication_serial_protocol.c:91:9:SERIAL_GetQueueCount	0	static
../Core/Src/communication_serial_protocol.c:95:6:SERIAL_ClearQueue	8	static,ignoring_inline_asm
../Core/Src/communication_serial_protocol.c:157:6:SERIAL_SendCommand	8	static
../Core/Src/communication_serial_protocol.c:170:6:SERIAL_SendJSON	32	static
../Core/Src/communication_serial_protocol.c:228:6:SERIAL_DirectTransmit	0	static
../Core/Src/communication_serial_protocol.c:324:6:SERIAL_ResetBuffers	0	static
../Core/Src/communication_serial_protocol.c:135:6:SERIAL_ProcessQueue	32	static,ignoring_inline_asm
../Core/Src/communication_serial_protocol.c:233:6:SERIAL_CheckRXCommand	32	static
../Core/Src/communication_serial_protocol.c:331:6:PROTOCOL_RX_Feed	24	static
../Core/Src/communication_serial_protocol.c:351:6:SERIAL_CheckConnection	0	static
