../Core/Src/communication_serial_protocol.c:33:6:SERIAL_Init	8	static
../Core/Src/communication_serial_protocol.c:54:9:SERIAL_QueueCommand	48	static,ignoring_inline_asm
../Core/Src/communication_serial_protocol.c:95:9:SERIAL_IsQueueFull	0	static
../Core/Src/communication_serial_protocol.c:99:9:SERIAL_GetQueueCount	0	static
../Core/Src/communication_serial_protocol.c:103:6:SERIAL_ClearQueue	8	static,ignoring_inline_asm
../Core/Src/communication_serial_protocol.c:177:6:SERIAL_SendCommand	16	static
../Core/Src/communication_serial_protocol.c:196:6:SERIAL_SendJSON	32	static
../Core/Src/communication_serial_protocol.c:266:6:SERIAL_DirectTransmit	16	static
../Core/Src/communication_serial_protocol.c:367:6:SERIAL_ResetBuffers	8	static
../Core/Src/communication_serial_protocol.c:143:6:SERIAL_ProcessQueue	32	static,ignoring_inline_asm
../Core/Src/communication_serial_protocol.c:276:6:SERIAL_CheckRXCommand	32	static
../Core/Src/communication_serial_protocol.c:378:6:PROTOCOL_RX_Callback	8	static
../Core/Src/communication_serial_protocol.c:393:6:PROTOCOL_TX_Callback	0	static
../Core/Src/communication_serial_protocol.c:402:6:SERIAL_CheckConnection	0	static
