../Core/Src/engine_control.c:86:13:ENGINE_CaptureTimers	0	static
../Core/Src/engine_control.c:182:14:ENGINE_CalculateAngle.isra	0	static
../Core/Src/engine_control.c:92:7:ENGINE_GetPhaseName	0	static
../Core/Src/engine_control.c:205:7:ENGINE_GetNextPhaseAngle	0	static
../Core/Src/engine_control.c:221:6:ENGINE_UpdateCylinderPhases	8	static
../Core/Src/engine_control.c:239:6:ENGINE_PhaseOCCallback	24	static
../Core/Src/engine_control.c:322:6:ENGINE_Schedule_Injection	24	static
../Core/Src/engine_control.c:341:6:ENGINE_Injector_FireNow	16	static
../Core/Src/engine_control.c:363:6:ENGINE_Injector_TestLoop	8	static
../Core/Src/engine_control.c:382:6:ENGINE_Injector_ScheduleTestLoop	16	static
../Core/Src/engine_control.c:411:6:ENGINE_Injector_StopAll	12	static
../Core/Src/engine_control.c:419:6:ENGINE_Injector_OutputCompareCallback	40	static
../Core/Src/engine_control.c:454:6:ENGINE_Schedule_Dwell	16	static
../Core/Src/engine_control.c:249:6:ENGINE_ScheduleControl	24	static
../Core/Src/engine_control.c:308:6:ENGINE_CKP_Callback	72	static
../Core/Src/engine_control.c:473:6:ENGINE_Schedule_Spark	16	static
../Core/Src/engine_control.c:490:6:ENGINE_Ignition_FireNow	16	static
../Core/Src/engine_control.c:512:6:ENGINE_Ignition_TestLoop	8	static
../Core/Src/engine_control.c:531:6:ENGINE_Ignition_ScheduleTestLoop	8	static
../Core/Src/engine_control.c:557:6:ENGINE_Ignition_StopAll	12	static
../Core/Src/engine_control.c:565:6:ENGINE_Ignition_OutputCompareCallback	24	static
