../Core/Src/engine_control.c:58:6:ENGINE_VR_OutputCompareCallback	8	static
../Core/Src/engine_control.c:64:6:ENGINE_Injector_FireNow	16	static
../Core/Src/engine_control.c:80:6:ENGINE_Injector_Schedule	0	static
../Core/Src/engine_control.c:93:6:ENGINE_Injector_Trigger	16	static
../Core/Src/engine_control.c:108:6:ENGINE_Injector_StopAll	16	static
../Core/Src/engine_control.c:115:6:ENGINE_Injector_OutputCompareCallback	16	static
../Core/Src/engine_control.c:133:6:ENGINE_Ignition_OutputCompareCallback	0	static
