../Core/Src/engine_control.c:77:6:ENGINE_CKP_Callback	0	static
../Core/Src/engine_control.c:82:6:ENGINE_CMP_Callback	0	static
../Core/Src/engine_control.c:87:6:ENGINE_VR_OutputCompareCallback	8	static
../Core/Src/engine_control.c:99:6:ENGINE_Schedule_Injection	8	static
../Core/Src/engine_control.c:116:6:ENGINE_Injector_FireNow	16	static
../Core/Src/engine_control.c:140:6:ENGINE_Injector_TestLoop	8	static
../Core/Src/engine_control.c:156:6:ENGINE_Injector_StopAll	12	static
../Core/Src/engine_control.c:164:6:ENGINE_Injector_OutputCompareCallback	0	static
../Core/Src/engine_control.c:194:6:ENGINE_Schedule_Spark	20	static
../Core/Src/engine_control.c:218:6:ENGINE_Ignition_FireNow	16	static
../Core/Src/engine_control.c:241:6:ENGINE_Ignition_TestLoop	8	static
../Core/Src/engine_control.c:257:6:ENGINE_Ignition_StopAll	12	static
../Core/Src/engine_control.c:265:6:ENGINE_Ignition_OutputCompareCallback	0	static
