../Core/Src/main.c:98:6:HAL_TIM_IC_CaptureCallback	8	static
../Core/Src/main.c:107:6:HAL_TIM_OC_DelayElapsedCallback	128	static
../Core/Src/main.c:136:6:I2C_Scanner	48	static
../Core/Src/main.c:165:7:ADC_GenerateJSON	40	static
../Core/Src/main.c:213:7:VR_GenerateJSON	24	static
../Core/Src/main.c:258:7:BATTERY_GenerateJSON	48	static
../Core/Src/main.c:293:6:ADC_Read_Cycle	8	static
../Core/Src/main.c:457:6:SystemClock_Config	120	static,ignoring_inline_asm
../Core/Src/main.c:1049:6:TIM1_Init_Config	8	static
../Core/Src/main.c:1064:6:TIM4_Init_Config	0	static
../Core/Src/main.c:1071:6:TIM5_Init_Config	8	static
../Core/Src/main.c:310:5:main	144	static,ignoring_inline_asm
../Core/Src/main.c:1080:6:HAL_UART_RxCpltCallback	0	static
../Core/Src/main.c:1086:6:HAL_UART_TxCpltCallback	0	static
../Core/Src/main.c:1092:5:_write	8	static
../Core/Src/main.c:1131:6:Error_Handler	0	static,ignoring_inline_asm
