../Core/Src/main.c:109:6:HAL_TIM_IC_CaptureCallback	16	static
../Core/Src/main.c:118:6:HAL_TIM_OC_DelayElapsedCallback	136	static
../Core/Src/main.c:277:6:I2C_Scanner	48	static
../Core/Src/main.c:304:7:ADC_GenerateJSON	80	static
../Core/Src/main.c:525:6:SERIAL_ADCJSONCallback	8	static
../Core/Src/main.c:359:7:VR_GenerateJSON	64	static
../Core/Src/main.c:510:6:SERIAL_VrJSONCallback	8	static
../Core/Src/main.c:420:7:BATTERY_GenerateJSON	64	static
../Core/Src/main.c:540:6:SERIAL_BatteryJSONCallback	8	static
../Core/Src/main.c:455:7:ENGINE_GenerateJSON	64	static
../Core/Src/main.c:555:6:SERIAL_EngineJSONCallback	8	static
../Core/Src/main.c:570:6:ADC_Read_Cycle	8	static
../Core/Src/main.c:719:6:SystemClock_Config	120	static,ignoring_inline_asm
../Core/Src/main.c:1261:6:TIM1_Init_Config	16	static
../Core/Src/main.c:1283:6:TIM4_Init_Config	8	static
../Core/Src/main.c:1297:6:TIM5_Init_Config	8	static
../Core/Src/main.c:588:5:main	128	static,ignoring_inline_asm
../Core/Src/main.c:1306:6:HAL_UART_RxCpltCallback	0	static
../Core/Src/main.c:1312:6:HAL_UART_TxCpltCallback	0	static
../Core/Src/main.c:1318:5:_write	8	static
../Core/Src/main.c:1356:6:Error_Handler	0	static,ignoring_inline_asm
