../Core/Src/main.c:109:6:HAL_TIM_IC_CaptureCallback	16	static
../Core/Src/main.c:118:6:HAL_TIM_OC_DelayElapsedCallback	128	static
../Core/Src/main.c:262:6:I2C_Scanner	48	static
../Core/Src/main.c:289:7:ADC_GenerateJSON	40	static
../Core/Src/main.c:428:6:SERIAL_ADCJSONCallback	8	static
../Core/Src/main.c:333:7:VR_GenerateJSON	24	static
../Core/Src/main.c:413:6:SERIAL_VrJSONCallback	8	static
../Core/Src/main.c:378:7:BATTERY_GenerateJSON	48	static
../Core/Src/main.c:443:6:SERIAL_BatteryJSONCallback	8	static
../Core/Src/main.c:458:6:ADC_Read_Cycle	8	static
../Core/Src/main.c:592:6:SystemClock_Config	120	static,ignoring_inline_asm
../Core/Src/main.c:1134:6:TIM1_Init_Config	16	static
../Core/Src/main.c:1156:6:TIM4_Init_Config	8	static
../Core/Src/main.c:1170:6:TIM5_Init_Config	8	static
../Core/Src/main.c:476:5:main	128	static,ignoring_inline_asm
../Core/Src/main.c:1179:6:HAL_UART_RxCpltCallback	0	static
../Core/Src/main.c:1185:6:HAL_UART_TxCpltCallback	0	static
../Core/Src/main.c:1191:5:_write	8	static
../Core/Src/main.c:1229:6:Error_Handler	0	static,ignoring_inline_asm
