../Core/Src/main.c:87:6:HAL_TIM_IC_CaptureCallback	8	static
../Core/Src/main.c:96:6:I2C_Scanner	48	static
../Core/Src/main.c:125:7:ADC_GenerateJSON	40	static
../Core/Src/main.c:173:6:ADC_Read_Cycle	8	static
../Core/Src/main.c:301:6:SystemClock_Config	128	static,ignoring_inline_asm
../Core/Src/main.c:632:6:TIM5_Start_IC	8	static
../Core/Src/main.c:190:5:main	584	static,ignoring_inline_asm
../Core/Src/main.c:637:6:HAL_UART_RxCpltCallback	0	static
../Core/Src/main.c:643:6:HAL_UART_TxCpltCallback	0	static
../Core/Src/main.c:649:5:_write	8	static
../Core/Src/main.c:688:6:Error_Handler	0	static,ignoring_inline_asm
