../Core/Src/main.c:566:6:SEND_VR_CallBack	64	static
../Core/Src/main.c:584:6:SEND_Battery_CallBack	64	static
../Core/Src/main.c:575:6:SEND_ADC_CallBack	80	static
../Core/Src/main.c:593:6:SEND_Engine_CallBack	64	static
../Core/Src/main.c:114:6:HAL_TIM_IC_CaptureCallback	16	static
../Core/Src/main.c:123:6:HAL_TIM_OC_DelayElapsedCallback	136	static
../Core/Src/main.c:287:6:I2C_Scanner	48	static
../Core/Src/main.c:602:6:ADC_Read_Cycle	8	static
../Core/Src/main.c:614:6:ENGINE_INJECTOR_SCHEDULE_TEST_TOGGLE	0	static
../Core/Src/main.c:618:6:ENGINE_IGNITION_SCHEDULE_TEST_TOGGLE	0	static
../Core/Src/main.c:774:6:SystemClock_Config	120	static,ignoring_inline_asm
../Core/Src/main.c:1365:6:TIM1_Init_Config	16	static
../Core/Src/main.c:1387:6:TIM4_Init_Config	8	static
../Core/Src/main.c:1401:6:TIM5_Init_Config	8	static
../Core/Src/main.c:628:5:main	128	static,ignoring_inline_asm
../Core/Src/main.c:1412:6:HAL_UART_RxCpltCallback	0	static
../Core/Src/main.c:1418:6:HAL_UART_TxCpltCallback	0	static
../Core/Src/main.c:1424:5:_write	8	static
../Core/Src/main.c:1463:6:Error_Handler	0	static,ignoring_inline_asm
