../Core/Src/stm32h7xx_hal_msp.c:68:6:HAL_MspInit	8	static
../Core/Src/stm32h7xx_hal_msp.c:90:6:HAL_ADC_MspInit	40	static
../Core/Src/stm32h7xx_hal_msp.c:126:6:HAL_ADC_MspDeInit	0	static
../Core/Src/stm32h7xx_hal_msp.c:156:6:HAL_FDCAN_MspInit	40	static
../Core/Src/stm32h7xx_hal_msp.c:193:6:HAL_FDCAN_MspDeInit	0	static
../Core/Src/stm32h7xx_hal_msp.c:222:6:HAL_I2C_MspInit	240	static
../Core/Src/stm32h7xx_hal_msp.c:301:6:HAL_I2C_MspDeInit	8	static
../Core/Src/stm32h7xx_hal_msp.c:352:6:HAL_TIM_Base_MspInit	48	static
../Core/Src/stm32h7xx_hal_msp.c:432:6:HAL_TIM_PWM_MspInit	8	static
../Core/Src/stm32h7xx_hal_msp.c:449:6:HAL_TIM_MspPostInit	48	static
../Core/Src/stm32h7xx_hal_msp.c:550:6:HAL_TIM_Base_MspDeInit	8	static
../Core/Src/stm32h7xx_hal_msp.c:621:6:HAL_TIM_PWM_MspDeInit	0	static
../Core/Src/stm32h7xx_hal_msp.c:643:6:HAL_UART_MspInit	256	static
../Core/Src/stm32h7xx_hal_msp.c:789:6:HAL_UART_MspDeInit	8	static
