../Core/Src/communication_serial_protocol.c:35:6:SERIAL_Init	8	static
../Core/Src/communication_serial_protocol.c:46:9:SERIAL_QueueCommand	32	static,ignoring_inline_asm
../Core/Src/communication_serial_protocol.c:87:9:SERIAL_IsQueueFull	4	static
../Core/Src/communication_serial_protocol.c:91:9:SERIAL_GetQueueCount	4	static
../Core/Src/communication_serial_protocol.c:95:6:SERIAL_ClearQueue	8	static,ignoring_inline_asm
../Core/Src/communication_serial_protocol.c:104:16:SERIAL_GetNextCommand	24	static,ignoring_inline_asm
../Core/Src/communication_serial_protocol.c:135:6:SERIAL_ProcessQueue	8	static
../Core/Src/communication_serial_protocol.c:157:6:SERIAL_SendCommand	24	static
../Core/Src/communication_serial_protocol.c:170:6:SERIAL_SendJSON	40	static
../Core/Src/communication_serial_protocol.c:228:6:SERIAL_DirectTransmit	16	static
../Core/Src/communication_serial_protocol.c:233:6:SERIAL_CheckRXCommand	16	static
../Core/Src/communication_serial_protocol.c:324:6:SERIAL_ResetBuffers	8	static
../Core/Src/communication_serial_protocol.c:331:6:PROTOCOL_RX_Feed	24	static
../Core/Src/communication_serial_protocol.c:342:16:PROTOCOL_USB_Transmit	24	static
../Core/Src/communication_serial_protocol.c:351:6:SERIAL_CheckConnection	16	static
