../Core/Src/communication_serial_protocol.c:32:6:SERIAL_Init	16	static
../Core/Src/communication_serial_protocol.c:53:9:SERIAL_QueueCommand	32	static,ignoring_inline_asm
../Core/Src/communication_serial_protocol.c:94:9:SERIAL_IsQueueFull	4	static
../Core/Src/communication_serial_protocol.c:98:9:SERIAL_GetQueueCount	4	static
../Core/Src/communication_serial_protocol.c:102:6:SERIAL_ClearQueue	8	static,ignoring_inline_asm
../Core/Src/communication_serial_protocol.c:111:16:SERIAL_GetNextCommand	24	static,ignoring_inline_asm
../Core/Src/communication_serial_protocol.c:141:6:SERIAL_ProcessQueue	24	static
../Core/Src/communication_serial_protocol.c:175:6:SERIAL_SendCommand	24	static
../Core/Src/communication_serial_protocol.c:194:6:SERIAL_SendJSON	40	static
../Core/Src/communication_serial_protocol.c:263:6:SERIAL_DirectTransmit	24	static
../Core/Src/communication_serial_protocol.c:273:6:SERIAL_CheckRXCommand	8	static
../Core/Src/communication_serial_protocol.c:325:6:SERIAL_ResetBuffers	8	static
../Core/Src/communication_serial_protocol.c:336:6:PROTOCOL_RX_Callback	8	static
../Core/Src/communication_serial_protocol.c:351:6:PROTOCOL_TX_Callback	4	static
../Core/Src/communication_serial_protocol.c:360:6:SERIAL_CheckConnection	16	static
