../Core/Src/engine_control.c:38:17:ENGINE_CalculateDeltaT	16	static
../Core/Src/engine_control.c:47:17:ENGINE_CalculateDeltaTBasedOnAngle	16	static
../Core/Src/engine_control.c:55:14:ENGINE_CalculateAngle	32	static
../Core/Src/engine_control.c:74:14:ENGINE_CalculateAngularVelocity	24	static
../Core/Src/engine_control.c:88:6:ENGINE_CKP_Callback	80	static
../Core/Src/engine_control.c:99:6:ENGINE_CMP_Callback	80	static
../Core/Src/engine_control.c:109:6:ENGINE_VR_OutputCompareCallback	72	static
../Core/Src/engine_control.c:121:6:ENGINE_Schedule_Injection	24	static
../Core/Src/engine_control.c:138:6:ENGINE_Injector_FireNow	24	static
../Core/Src/engine_control.c:162:6:ENGINE_Injector_TestLoop	16	static
../Core/Src/engine_control.c:178:6:ENGINE_Injector_StopAll	16	static
../Core/Src/engine_control.c:186:6:ENGINE_Injector_OutputCompareCallback	16	static
../Core/Src/engine_control.c:216:6:ENGINE_Schedule_Spark	32	static
../Core/Src/engine_control.c:240:6:ENGINE_Ignition_FireNow	24	static
../Core/Src/engine_control.c:263:6:ENGINE_Ignition_TestLoop	16	static
../Core/Src/engine_control.c:282:6:ENGINE_Ignition_ScheduleTestLoop	32	static
../Core/Src/engine_control.c:311:6:ENGINE_Ignition_StopAll	16	static
../Core/Src/engine_control.c:319:6:ENGINE_Ignition_OutputCompareCallback	16	static
