../Core/Src/main.c:109:6:HAL_TIM_IC_CaptureCallback	16	static
../Core/Src/main.c:118:6:HAL_TIM_OC_DelayElapsedCallback	184	static
../Core/Src/main.c:262:6:I2C_Scanner	40	static
../Core/Src/main.c:289:7:ADC_GenerateJSON	48	static
../Core/Src/main.c:333:7:VR_GenerateJSON	32	static
../Core/Src/main.c:378:7:BATTERY_GenerateJSON	56	static
../Core/Src/main.c:413:6:SERIAL_VrJSONCallback	24	static
../Core/Src/main.c:428:6:SERIAL_ADCJSONCallback	24	static
../Core/Src/main.c:443:6:SERIAL_BatteryJSONCallback	24	static
../Core/Src/main.c:458:6:ADC_Read_Cycle	8	static
../Core/Src/main.c:476:5:main	8	static
../Core/Src/main.c:592:6:SystemClock_Config	120	static
../Core/Src/main.c:650:13:MX_ADC1_Init	48	static
../Core/Src/main.c:715:13:MX_I2C1_Init	8	static
../Core/Src/main.c:760:13:MX_I2C2_Init	8	static
../Core/Src/main.c:805:13:MX_TIM1_Init	112	static
../Core/Src/main.c:895:13:MX_TIM4_Init	64	static
../Core/Src/main.c:958:13:MX_TIM5_Init	80	static
../Core/Src/main.c:1025:13:MX_USART1_UART_Init	8	static
../Core/Src/main.c:1070:13:MX_USART3_UART_Init	8	static
../Core/Src/main.c:1115:13:MX_GPIO_Init	32	static
../Core/Src/main.c:1134:6:TIM1_Init_Config	8	static
../Core/Src/main.c:1156:6:TIM4_Init_Config	8	static
../Core/Src/main.c:1170:6:TIM5_Init_Config	8	static
../Core/Src/main.c:1179:6:HAL_UART_RxCpltCallback	16	static
../Core/Src/main.c:1185:6:HAL_UART_TxCpltCallback	16	static
../Core/Src/main.c:1191:5:_write	24	static
../Core/Src/main.c:1199:6:MPU_Config	24	static
../Core/Src/main.c:1229:6:Error_Handler	4	static,ignoring_inline_asm
