../Core/Src/main.c:128:6:HAL_TIM_IC_CaptureCallback	16	static
../Core/Src/main.c:137:6:HAL_TIM_OC_DelayElapsedCallback	16	static
../Core/Src/main.c:155:6:I2C_Scanner	40	static
../Core/Src/main.c:182:14:ADC_GenerateJSON	88	static
../Core/Src/main.c:237:14:VR_GenerateJSON	72	static
../Core/Src/main.c:296:14:BATTERY_GenerateJSON	80	static
../Core/Src/main.c:365:14:ENGINE_GenerateJSON	80	static
../Core/Src/main.c:441:14:CYCLE_GenerateJSON	88	static
../Core/Src/main.c:494:6:SEND_VR_CallBack	16	static
../Core/Src/main.c:503:6:SEND_ADC_CallBack	16	static
../Core/Src/main.c:512:6:SEND_Battery_CallBack	16	static
../Core/Src/main.c:521:6:SEND_Engine_CallBack	16	static
../Core/Src/main.c:530:6:SEND_Telemetry_CallBack	16	static
../Core/Src/main.c:539:6:ADC_Read_Cycle	8	static
../Core/Src/main.c:551:6:ENGINE_INJECTOR_SCHEDULE_TEST_TOGGLE	4	static
../Core/Src/main.c:555:6:ENGINE_IGNITION_SCHEDULE_TEST_TOGGLE	4	static
../Core/Src/main.c:565:5:main	16	static
../Core/Src/main.c:730:6:SystemClock_Config	152	static
../Core/Src/main.c:806:6:PeriphCommonClock_Config	200	static
../Core/Src/main.c:836:13:MX_ADC1_Init	48	static
../Core/Src/main.c:905:13:MX_FDCAN1_Init	8	static
../Core/Src/main.c:958:13:MX_I2C1_Init	8	static
../Core/Src/main.c:1006:13:MX_I2C2_Init	8	static
../Core/Src/main.c:1054:13:MX_TIM1_Init	112	static
../Core/Src/main.c:1154:13:MX_TIM4_Init	64	static
../Core/Src/main.c:1225:13:MX_TIM5_Init	80	static
../Core/Src/main.c:1304:13:MX_TIM13_Init	40	static
../Core/Src/main.c:1350:13:MX_TIM15_Init	96	static
../Core/Src/main.c:1420:13:MX_UART5_Init	8	static
../Core/Src/main.c:1468:13:MX_USART1_UART_Init	8	static
../Core/Src/main.c:1516:13:MX_USART3_UART_Init	8	static
../Core/Src/main.c:1562:13:MX_DMA_Init	16	static
../Core/Src/main.c:1583:13:MX_GPIO_Init	32	static
../Core/Src/main.c:1604:6:TIM1_Init_Config	8	static
../Core/Src/main.c:1626:6:TIM4_Init_Config	8	static
../Core/Src/main.c:1640:6:TIM5_Init_Config	8	static
../Core/Src/main.c:1651:6:HAL_UART_RxCpltCallback	16	static
../Core/Src/main.c:1657:6:HAL_UART_TxCpltCallback	16	static
../Core/Src/main.c:1663:5:_write	24	static
../Core/Src/main.c:1671:6:MPU_Config	24	static
../Core/Src/main.c:1702:6:Error_Handler	4	static,ignoring_inline_asm
