../Drivers/CMSIS/Include/core_cm7.h:1921:26:__NVIC_GetEnableIRQ	16	static
../Core/Src/main.c:98:6:HAL_TIM_IC_CaptureCallback	16	static
../Core/Src/main.c:108:6:HAL_TIM_OC_DelayElapsedCallback	160	static
../Core/Src/main.c:137:6:I2C_Scanner	40	static
../Core/Src/main.c:166:7:ADC_GenerateJSON	48	static
../Core/Src/main.c:214:7:VR_GenerateJSON	32	static
../Core/Src/main.c:259:7:BATTERY_GenerateJSON	56	static
../Core/Src/main.c:294:6:SERIAL_VrJSONCallback	24	static
../Core/Src/main.c:309:6:SERIAL_ADCJSONCallback	24	static
../Core/Src/main.c:324:6:SERIAL_BatteryJSONCallback	24	static
../Core/Src/main.c:339:6:ADC_Read_Cycle	8	static
../Core/Src/main.c:351:6:Test_UART_RX	8	static
../Core/Src/main.c:381:5:main	8	static
../Core/Src/main.c:500:6:SystemClock_Config	120	static
../Core/Src/main.c:560:13:MX_ADC1_Init	48	static
../Core/Src/main.c:629:13:MX_I2C1_Init	8	static
../Core/Src/main.c:677:13:MX_I2C2_Init	8	static
../Core/Src/main.c:725:13:MX_TIM1_Init	112	static
../Core/Src/main.c:831:13:MX_TIM4_Init	64	static
../Core/Src/main.c:902:13:MX_TIM5_Init	80	static
../Core/Src/main.c:977:13:MX_USART1_UART_Init	8	static
../Core/Src/main.c:1025:13:MX_USART3_UART_Init	8	static
../Core/Src/main.c:1073:13:MX_GPIO_Init	32	static
../Core/Src/main.c:1092:6:TIM1_Init_Config	8	static
../Core/Src/main.c:1107:6:TIM4_Init_Config	4	static
../Core/Src/main.c:1114:6:TIM5_Init_Config	8	static
../Core/Src/main.c:1123:6:HAL_UART_RxCpltCallback	16	static
../Core/Src/main.c:1129:6:HAL_UART_TxCpltCallback	16	static
../Core/Src/main.c:1135:5:_write	24	static
../Core/Src/main.c:1143:6:MPU_Config	24	static
../Core/Src/main.c:1174:6:Error_Handler	4	static,ignoring_inline_asm
