../Core/Src/main.c:129:6:HAL_TIM_IC_CaptureCallback	16	static
../Core/Src/main.c:138:6:HAL_TIM_OC_DelayElapsedCallback	16	static
../Core/Src/main.c:156:6:I2C_Scanner	40	static
../Core/Src/main.c:183:14:ADC_GenerateJSON	88	static
../Core/Src/main.c:238:14:VR_GenerateJSON	72	static
../Core/Src/main.c:297:14:BATTERY_GenerateJSON	80	static
../Core/Src/main.c:366:14:ENGINE_GenerateJSON	80	static
../Core/Src/main.c:442:14:CYCLE_GenerateJSON	88	static
../Core/Src/main.c:495:14:MAP_GenerateJSON	80	static
../Core/Src/main.c:569:6:SEND_VR_CallBack	16	static
../Core/Src/main.c:578:6:SEND_ADC_CallBack	16	static
../Core/Src/main.c:587:6:SEND_Battery_CallBack	16	static
../Core/Src/main.c:596:6:SEND_Engine_CallBack	16	static
../Core/Src/main.c:605:6:SEND_Telemetry_CallBack	16	static
../Core/Src/main.c:614:6:ADC_Read_Cycle	8	static
../Core/Src/main.c:626:6:ENGINE_INJECTOR_SCHEDULE_TEST_TOGGLE	4	static
../Core/Src/main.c:630:6:ENGINE_IGNITION_SCHEDULE_TEST_TOGGLE	4	static
../Core/Src/main.c:640:5:main	16	static
../Core/Src/main.c:830:6:SystemClock_Config	152	static
../Core/Src/main.c:906:6:PeriphCommonClock_Config	200	static
../Core/Src/main.c:936:13:MX_ADC1_Init	48	static
../Core/Src/main.c:1005:13:MX_FDCAN1_Init	8	static
../Core/Src/main.c:1058:13:MX_I2C1_Init	8	static
../Core/Src/main.c:1106:13:MX_I2C2_Init	8	static
../Core/Src/main.c:1154:13:MX_TIM1_Init	112	static
../Core/Src/main.c:1254:13:MX_TIM4_Init	64	static
../Core/Src/main.c:1325:13:MX_TIM5_Init	80	static
../Core/Src/main.c:1404:13:MX_TIM13_Init	40	static
../Core/Src/main.c:1450:13:MX_TIM15_Init	96	static
../Core/Src/main.c:1520:13:MX_UART5_Init	8	static
../Core/Src/main.c:1568:13:MX_USART1_UART_Init	8	static
../Core/Src/main.c:1616:13:MX_USART3_UART_Init	8	static
../Core/Src/main.c:1662:13:MX_DMA_Init	16	static
../Core/Src/main.c:1683:13:MX_GPIO_Init	32	static
../Core/Src/main.c:1704:6:TIM1_Init_Config	8	static
../Core/Src/main.c:1726:6:TIM4_Init_Config	8	static
../Core/Src/main.c:1740:6:TIM5_Init_Config	8	static
../Core/Src/main.c:1751:6:HAL_UART_RxCpltCallback	16	static
../Core/Src/main.c:1757:6:HAL_UART_TxCpltCallback	16	static
../Core/Src/main.c:1763:5:_write	24	static
../Core/Src/main.c:1771:6:MPU_Config	24	static
../Core/Src/main.c:1802:6:Error_Handler	4	static,ignoring_inline_asm
