../Core/Src/main.c:109:6:HAL_TIM_IC_CaptureCallback	16	static
../Core/Src/main.c:118:6:HAL_TIM_OC_DelayElapsedCallback	200	static
../Core/Src/main.c:277:6:I2C_Scanner	40	static
../Core/Src/main.c:304:7:ADC_GenerateJSON	88	static
../Core/Src/main.c:359:7:VR_GenerateJSON	72	static
../Core/Src/main.c:420:7:BATTERY_GenerateJSON	72	static
../Core/Src/main.c:455:7:ENGINE_GenerateJSON	80	static
../Core/Src/main.c:510:6:SERIAL_VrJSONCallback	24	static
../Core/Src/main.c:525:6:SERIAL_ADCJSONCallback	24	static
../Core/Src/main.c:540:6:SERIAL_BatteryJSONCallback	24	static
../Core/Src/main.c:555:6:SERIAL_EngineJSONCallback	24	static
../Core/Src/main.c:570:6:ADC_Read_Cycle	8	static
../Core/Src/main.c:588:5:main	8	static
../Core/Src/main.c:719:6:SystemClock_Config	120	static
../Core/Src/main.c:777:13:MX_ADC1_Init	48	static
../Core/Src/main.c:842:13:MX_I2C1_Init	8	static
../Core/Src/main.c:887:13:MX_I2C2_Init	8	static
../Core/Src/main.c:932:13:MX_TIM1_Init	112	static
../Core/Src/main.c:1022:13:MX_TIM4_Init	64	static
../Core/Src/main.c:1085:13:MX_TIM5_Init	80	static
../Core/Src/main.c:1152:13:MX_USART1_UART_Init	8	static
../Core/Src/main.c:1197:13:MX_USART3_UART_Init	8	static
../Core/Src/main.c:1242:13:MX_GPIO_Init	32	static
../Core/Src/main.c:1261:6:TIM1_Init_Config	8	static
../Core/Src/main.c:1283:6:TIM4_Init_Config	8	static
../Core/Src/main.c:1297:6:TIM5_Init_Config	8	static
../Core/Src/main.c:1306:6:HAL_UART_RxCpltCallback	16	static
../Core/Src/main.c:1312:6:HAL_UART_TxCpltCallback	16	static
../Core/Src/main.c:1318:5:_write	24	static
../Core/Src/main.c:1326:6:MPU_Config	24	static
../Core/Src/main.c:1356:6:Error_Handler	4	static,ignoring_inline_asm
