../Core/Src/main.c:96:6:HAL_TIM_IC_CaptureCallback	16	static
../Core/Src/main.c:105:6:HAL_TIM_OC_DelayElapsedCallback	160	static
../Core/Src/main.c:138:6:I2C_Scanner	40	static
../Core/Src/main.c:167:7:ADC_GenerateJSON	48	static
../Core/Src/main.c:215:7:VR_GenerateJSON	32	static
../Core/Src/main.c:260:6:ADC_Read_Cycle	8	static
../Core/Src/main.c:277:5:main	16	static
../Core/Src/main.c:393:6:SystemClock_Config	120	static
../Core/Src/main.c:453:13:MX_I2C1_Init	8	static
../Core/Src/main.c:501:13:MX_I2C2_Init	8	static
../Core/Src/main.c:549:13:MX_TIM1_Init	112	static
../Core/Src/main.c:655:13:MX_TIM4_Init	64	static
../Core/Src/main.c:726:13:MX_TIM5_Init	80	static
../Core/Src/main.c:801:13:MX_USART1_UART_Init	8	static
../Core/Src/main.c:849:13:MX_USART3_UART_Init	8	static
../Core/Src/main.c:897:13:MX_GPIO_Init	24	static
../Core/Src/main.c:915:6:TIM1_Init_Config	8	static
../Core/Src/main.c:928:6:TIM4_Init_Config	4	static
../Core/Src/main.c:935:6:TIM5_Init_Config	8	static
../Core/Src/main.c:943:6:HAL_UART_RxCpltCallback	16	static
../Core/Src/main.c:949:6:HAL_UART_TxCpltCallback	16	static
../Core/Src/main.c:955:5:_write	24	static
../Core/Src/main.c:963:6:MPU_Config	24	static
../Core/Src/main.c:994:6:Error_Handler	4	static,ignoring_inline_asm
