../Core/Src/main.c:129:6:HAL_TIM_IC_CaptureCallback	5
../Core/Src/main.c:138:6:HAL_TIM_OC_DelayElapsedCallback	5
../Core/Src/main.c:156:6:I2C_Scanner	4
../Core/Src/main.c:183:14:ADC_GenerateJSON	6
../Core/Src/main.c:238:14:VR_GenerateJSON	6
../Core/Src/main.c:297:14:BATTERY_GenerateJSON	7
../Core/Src/main.c:366:14:ENGINE_GenerateJSON	7
../Core/Src/main.c:442:14:CYCLE_GenerateJSON	8
../Core/Src/main.c:495:14:MAP_GenerateJSON	7
../Core/Src/main.c:569:6:SEND_VR_CallBack	2
../Core/Src/main.c:578:6:SEND_ADC_CallBack	2
../Core/Src/main.c:587:6:SEND_Battery_CallBack	2
../Core/Src/main.c:596:6:SEND_Engine_CallBack	2
../Core/Src/main.c:605:6:SEND_Telemetry_CallBack	2
../Core/Src/main.c:614:6:ADC_Read_Cycle	3
../Core/Src/main.c:626:6:ENGINE_INJECTOR_SCHEDULE_TEST_TOGGLE	1
../Core/Src/main.c:630:6:ENGINE_IGNITION_SCHEDULE_TEST_TOGGLE	1
../Core/Src/main.c:640:5:main	17
../Core/Src/main.c:830:6:SystemClock_Config	4
../Core/Src/main.c:906:6:PeriphCommonClock_Config	2
../Core/Src/main.c:936:13:MX_ADC1_Init	4
../Core/Src/main.c:1005:13:MX_FDCAN1_Init	2
../Core/Src/main.c:1058:13:MX_I2C1_Init	4
../Core/Src/main.c:1106:13:MX_I2C2_Init	4
../Core/Src/main.c:1154:13:MX_TIM1_Init	12
../Core/Src/main.c:1254:13:MX_TIM4_Init	9
../Core/Src/main.c:1325:13:MX_TIM5_Init	10
../Core/Src/main.c:1404:13:MX_TIM13_Init	4
../Core/Src/main.c:1450:13:MX_TIM15_Init	6
../Core/Src/main.c:1520:13:MX_UART5_Init	5
../Core/Src/main.c:1568:13:MX_USART1_UART_Init	5
../Core/Src/main.c:1616:13:MX_USART3_UART_Init	5
../Core/Src/main.c:1662:13:MX_DMA_Init	1
../Core/Src/main.c:1683:13:MX_GPIO_Init	1
../Core/Src/main.c:1704:6:TIM1_Init_Config	1
../Core/Src/main.c:1726:6:TIM4_Init_Config	1
../Core/Src/main.c:1740:6:TIM5_Init_Config	1
../Core/Src/main.c:1751:6:HAL_UART_RxCpltCallback	1
../Core/Src/main.c:1757:6:HAL_UART_TxCpltCallback	1
../Core/Src/main.c:1763:5:_write	1
../Core/Src/main.c:1771:6:MPU_Config	1
../Core/Src/main.c:1802:6:Error_Handler	1
