../Core/Src/main.c:109:6:HAL_TIM_IC_CaptureCallback	16	static
../Core/Src/main.c:118:6:HAL_TIM_OC_DelayElapsedCallback	208	static
../Core/Src/main.c:282:6:I2C_Scanner	40	static
../Core/Src/main.c:309:7:ADC_GenerateJSON	88	static
../Core/Src/main.c:364:7:VR_GenerateJSON	72	static
../Core/Src/main.c:425:7:BATTERY_GenerateJSON	72	static
../Core/Src/main.c:460:7:ENGINE_GenerateJSON	80	static
../Core/Src/main.c:528:6:SEND_VR_CallBack	16	static
../Core/Src/main.c:535:6:SEND_ADC_CallBack	16	static
../Core/Src/main.c:542:6:SEND_Battery_CallBack	16	static
../Core/Src/main.c:549:6:SEND_Engine_CallBack	16	static
../Core/Src/main.c:556:6:ADC_Read_Cycle	8	static
../Core/Src/main.c:574:5:main	8	static
../Core/Src/main.c:716:6:SystemClock_Config	120	static
../Core/Src/main.c:774:13:MX_ADC1_Init	48	static
../Core/Src/main.c:839:13:MX_I2C1_Init	8	static
../Core/Src/main.c:884:13:MX_I2C2_Init	8	static
../Core/Src/main.c:929:13:MX_TIM1_Init	112	static
../Core/Src/main.c:1019:13:MX_TIM4_Init	64	static
../Core/Src/main.c:1082:13:MX_TIM5_Init	80	static
../Core/Src/main.c:1152:13:MX_USART1_UART_Init	8	static
../Core/Src/main.c:1197:13:MX_USART3_UART_Init	8	static
../Core/Src/main.c:1242:13:MX_GPIO_Init	32	static
../Core/Src/main.c:1261:6:TIM1_Init_Config	8	static
../Core/Src/main.c:1283:6:TIM4_Init_Config	8	static
../Core/Src/main.c:1297:6:TIM5_Init_Config	8	static
../Core/Src/main.c:1308:6:HAL_UART_RxCpltCallback	16	static
../Core/Src/main.c:1314:6:HAL_UART_TxCpltCallback	16	static
../Core/Src/main.c:1320:5:_write	24	static
../Core/Src/main.c:1328:6:MPU_Config	24	static
../Core/Src/main.c:1358:6:Error_Handler	4	static,ignoring_inline_asm
