../Core/Src/main.c:118:6:HAL_TIM_IC_CaptureCallback	16	static
../Core/Src/main.c:127:6:HAL_TIM_OC_DelayElapsedCallback	16	static
../Core/Src/main.c:145:6:I2C_Scanner	40	static
../Core/Src/main.c:172:14:ADC_GenerateJSON	88	static
../Core/Src/main.c:227:14:VR_GenerateJSON	72	static
../Core/Src/main.c:288:14:BATTERY_GenerateJSON	80	static
../Core/Src/main.c:357:14:ENGINE_GenerateJSON	80	static
../Core/Src/main.c:433:14:CYCLE_GenerateJSON	88	static
../Core/Src/main.c:486:6:SEND_VR_CallBack	16	static
../Core/Src/main.c:495:6:SEND_ADC_CallBack	16	static
../Core/Src/main.c:504:6:SEND_Battery_CallBack	16	static
../Core/Src/main.c:513:6:SEND_Engine_CallBack	16	static
../Core/Src/main.c:522:6:SEND_Telemetry_CallBack	16	static
../Core/Src/main.c:531:6:ADC_Read_Cycle	8	static
../Core/Src/main.c:543:6:ENGINE_INJECTOR_SCHEDULE_TEST_TOGGLE	8	static
../Core/Src/main.c:548:6:ENGINE_IGNITION_SCHEDULE_TEST_TOGGLE	4	static
../Core/Src/main.c:558:5:main	16	static
../Core/Src/main.c:718:6:SystemClock_Config	120	static
../Core/Src/main.c:777:6:PeriphCommonClock_Config	200	static
../Core/Src/main.c:805:13:MX_ADC1_Init	48	static
../Core/Src/main.c:874:13:MX_I2C1_Init	8	static
../Core/Src/main.c:922:13:MX_I2C2_Init	8	static
../Core/Src/main.c:970:13:MX_TIM1_Init	112	static
../Core/Src/main.c:1070:13:MX_TIM4_Init	64	static
../Core/Src/main.c:1141:13:MX_TIM5_Init	80	static
../Core/Src/main.c:1220:13:MX_USART1_UART_Init	8	static
../Core/Src/main.c:1268:13:MX_USART3_UART_Init	8	static
../Core/Src/main.c:1314:13:MX_DMA_Init	16	static
../Core/Src/main.c:1335:13:MX_GPIO_Init	32	static
../Core/Src/main.c:1355:6:TIM1_Init_Config	8	static
../Core/Src/main.c:1377:6:TIM4_Init_Config	8	static
../Core/Src/main.c:1391:6:TIM5_Init_Config	8	static
../Core/Src/main.c:1402:6:HAL_UART_RxCpltCallback	16	static
../Core/Src/main.c:1408:6:HAL_UART_TxCpltCallback	16	static
../Core/Src/main.c:1414:5:_write	24	static
../Core/Src/main.c:1422:6:MPU_Config	24	static
../Core/Src/main.c:1453:6:Error_Handler	4	static,ignoring_inline_asm
