../Core/Src/MAP_sensor.c:26:13:MAP_SelectChannel	40	static
../Core/Src/MAP_sensor.c:40:13:MAP_UpdateLinearCte	16	static
../Core/Src/MAP_sensor.c:50:17:MAP_RawFromPressure	32	static
../Core/Src/MAP_sensor.c:65:17:MAP_ReadRawAveraged	32	static
../Core/Src/MAP_sensor.c:86:13:MAP_Process	24	static
../Core/Src/MAP_sensor.c:123:6:MAP_LoadDefaultCurve	8	static
../Core/Src/MAP_sensor.c:133:6:MAP_Init	4	static
../Core/Src/MAP_sensor.c:144:6:MAP_SetSupplyVoltage	16	static
../Core/Src/MAP_sensor.c:154:10:MAP_ReadRaw	16	static
../Core/Src/MAP_sensor.c:179:7:MAP_PressureFromRaw	16	static
../Core/Src/MAP_sensor.c:184:6:MAP_Update	8	static
../Core/Src/MAP_sensor.c:195:6:MAP_OnCrankTooth	16	static
../Core/Src/MAP_sensor.c:217:6:MAP_OnCycleComplete	16	static
../Core/Src/MAP_sensor.c:231:7:MAP_GetPressure	4	static
../Core/Src/MAP_sensor.c:238:7:MAP_GetInstant	4	static
../Core/Src/MAP_sensor.c:242:6:MAP_IsValid	4	static
../Core/Src/MAP_sensor.c:246:6:MAP_IsBusy	4	static
../Core/Src/MAP_sensor.c:261:6:MAP_LearnBaro	32	static
../Core/Src/MAP_sensor.c:280:6:MAP_Calibrate_High	32	static
