Archive member included to satisfy reference by file (symbol)

C:/ST/STM32CubeIDE_1.16.1/STM32CubeIDE/plugins/com.st.stm32cube.ide.mcu.externaltools.gnu-tools-for-stm32.13.3.rel1.win32_1.0.100.202509120712/tools/bin/../lib/gcc/arm-none-eabi/13.3.1/../../../../arm-none-eabi/lib/thumb/v7e-m+dp/hard\libc_nano.a(libc_a-exit.o)
                              C:/ST/STM32CubeIDE_1.16.1/STM32CubeIDE/plugins/com.st.stm32cube.ide.mcu.externaltools.gnu-tools-for-stm32.13.3.rel1.win32_1.0.100.202509120712/tools/bin/../lib/gcc/arm-none-eabi/13.3.1/../../../../arm-none-eabi/lib/thumb/v7e-m+dp/hard/crt0.o (exit)
C:/ST/STM32CubeIDE_1.16.1/STM32CubeIDE/plugins/com.st.stm32cube.ide.mcu.externaltools.gnu-tools-for-stm32.13.3.rel1.win32_1.0.100.202509120712/tools/bin/../lib/gcc/arm-none-eabi/13.3.1/../../../../arm-none-eabi/lib/thumb/v7e-m+dp/hard\libc_nano.a(libc_a-malloc.o)
                              ./Core/Src/cJSON.o (malloc)
C:/ST/STM32CubeIDE_1.16.1/STM32CubeIDE/plugins/com.st.stm32cube.ide.mcu.externaltools.gnu-tools-for-stm32.13.3.rel1.win32_1.0.100.202509120712/tools/bin/../lib/gcc/arm-none-eabi/13.3.1/../../../../arm-none-eabi/lib/thumb/v7e-m+dp/hard\libc_nano.a(libc_a-mallocr.o)
                              C:/ST/STM32CubeIDE_1.16.1/STM32CubeIDE/plugins/com.st.stm32cube.ide.mcu.externaltools.gnu-tools-for-stm32.13.3.rel1.win32_1.0.100.202509120712/tools/bin/../lib/gcc/arm-none-eabi/13.3.1/../../../../arm-none-eabi/lib/thumb/v7e-m+dp/hard\libc_nano.a(libc_a-malloc.o) (_malloc_r)
C:/ST/STM32CubeIDE_1.16.1/STM32CubeIDE/plugins/com.st.stm32cube.ide.mcu.externaltools.gnu-tools-for-stm32.13.3.rel1.win32_1.0.100.202509120712/tools/bin/../lib/gcc/arm-none-eabi/13.3.1/../../../../arm-none-eabi/lib/thumb/v7e-m+dp/hard\libc_nano.a(libc_a-mlock.o)
                              C:/ST/STM32CubeIDE_1.16.1/STM32CubeIDE/plugins/com.st.stm32cube.ide.mcu.externaltools.gnu-tools-for-stm32.13.3.rel1.win32_1.0.100.202509120712/tools/bin/../lib/gcc/arm-none-eabi/13.3.1/../../../../arm-none-eabi/lib/thumb/v7e-m+dp/hard\libc_nano.a(libc_a-mallocr.o) (__malloc_lock)
C:/ST/STM32CubeIDE_1.16.1/STM32CubeIDE/plugins/com.st.stm32cube.ide.mcu.externaltools.gnu-tools-for-stm32.13.3.rel1.win32_1.0.100.202509120712/tools/bin/../lib/gcc/arm-none-eabi/13.3.1/../../../../arm-none-eabi/lib/thumb/v7e-m+dp/hard\libc_nano.a(libc_a-realloc.o)
                              ./Core/Src/cJSON.o (realloc)
C:/ST/STM32CubeIDE_1.16.1/STM32CubeIDE/plugins/com.st.stm32cube.ide.mcu.externaltools.gnu-tools-for-stm32.13.3.rel1.win32_1.0.100.202509120712/tools/bin/../lib/gcc/arm-none-eabi/13.3.1/../../../../arm-none-eabi/lib/thumb/v7e-m+dp/hard\libc_nano.a(libc_a-reallocr.o)
                              C:/ST/STM32CubeIDE_1.16.1/STM32CubeIDE/plugins/com.st.stm32cube.ide.mcu.externaltools.gnu-tools-for-stm32.13.3.rel1.win32_1.0.100.202509120712/tools/bin/../lib/gcc/arm-none-eabi/13.3.1/../../../../arm-none-eabi/lib/thumb/v7e-m+dp/hard\libc_nano.a(libc_a-realloc.o) (_realloc_r)
C:/ST/STM32CubeIDE_1.16.1/STM32CubeIDE/plugins/com.st.stm32cube.ide.mcu.externaltools.gnu-tools-for-stm32.13.3.rel1.win32_1.0.100.202509120712/tools/bin/../lib/gcc/arm-none-eabi/13.3.1/../../../../arm-none-eabi/lib/thumb/v7e-m+dp/hard\libc_nano.a(libc_a-strtod.o)
                              ./Core/Src/cJSON.o (strtod)
C:/ST/STM32CubeIDE_1.16.1/STM32CubeIDE/plugins/com.st.stm32cube.ide.mcu.externaltools.gnu-tools-for-stm32.13.3.rel1.win32_1.0.100.202509120712/tools/bin/../lib/gcc/arm-none-eabi/13.3.1/../../../../arm-none-eabi/lib/thumb/v7e-m+dp/hard\libc_nano.a(libc_a-ctype_.o)
                              ./Core/Src/cJSON.o (_ctype_)
C:/ST/STM32CubeIDE_1.16.1/STM32CubeIDE/plugins/com.st.stm32cube.ide.mcu.externaltools.gnu-tools-for-stm32.13.3.rel1.win32_1.0.100.202509120712/tools/bin/../lib/gcc/arm-none-eabi/13.3.1/../../../../arm-none-eabi/lib/thumb/v7e-m+dp/hard\libc_nano.a(libc_a-nano-vfprintf_float.o)
                              (_printf_float)
C:/ST/STM32CubeIDE_1.16.1/STM32CubeIDE/plugins/com.st.stm32cube.ide.mcu.externaltools.gnu-tools-for-stm32.13.3.rel1.win32_1.0.100.202509120712/tools/bin/../lib/gcc/arm-none-eabi/13.3.1/../../../../arm-none-eabi/lib/thumb/v7e-m+dp/hard\libc_nano.a(libc_a-nano-vfprintf_i.o)
                              C:/ST/STM32CubeIDE_1.16.1/STM32CubeIDE/plugins/com.st.stm32cube.ide.mcu.externaltools.gnu-tools-for-stm32.13.3.rel1.win32_1.0.100.202509120712/tools/bin/../lib/gcc/arm-none-eabi/13.3.1/../../../../arm-none-eabi/lib/thumb/v7e-m+dp/hard\libc_nano.a(libc_a-nano-vfprintf_float.o) (_printf_common)
C:/ST/STM32CubeIDE_1.16.1/STM32CubeIDE/plugins/com.st.stm32cube.ide.mcu.externaltools.gnu-tools-for-stm32.13.3.rel1.win32_1.0.100.202509120712/tools/bin/../lib/gcc/arm-none-eabi/13.3.1/../../../../arm-none-eabi/lib/thumb/v7e-m+dp/hard\libc_nano.a(libc_a-nano-vfscanf_float.o)
                              (_scanf_float)
[...]
Memory Configuration

Name             Origin             Length             Attributes
FLASH            0x08000000         0x00200000         xr
DTCMRAM          0x20000000         0x00020000         xrw
RAM_D1           0x24000000         0x00080000         xrw
RAM_D2           0x30000000         0x00048000         xrw
RAM_D3           0x38000000         0x00010000         xrw
ITCMRAM          0x00000000         0x00010000         xrw
*default*        0x00000000         0xffffffff

Linker script and memory map

LOAD C:/ST/STM32CubeIDE_1.16.1/STM32CubeIDE/plugins/com.st.stm32cube.ide.mcu.externaltools.gnu-tools-for-stm32.13.3.rel1.win32_1.0.100.202509120712/tools/bin/../lib/gcc/arm-none-eabi/13.3.1/thumb/v7e-m+dp/hard/crti.o
LOAD C:/ST/STM32CubeIDE_1.16.1/STM32CubeIDE/plugins/com.st.stm32cube.ide.mcu.externaltools.gnu-tools-for-stm32.13.3.rel1.win32_1.0.100.202509120712/tools/bin/../lib/gcc/arm-none-eabi/13.3.1/thumb/v7e-m+dp/hard/crtbegin.o
LOAD C:/ST/STM32CubeIDE_1.16.1/STM32CubeIDE/plugins/com.st.stm32cube.ide.mcu.externaltools.gnu-tools-for-stm32.13.3.rel1.win32_1.0.100.202509120712/tools/bin/../lib/gcc/arm-none-eabi/13.3.1/../../../../arm-none-eabi/lib/thumb/v7e-m+dp/hard/crt0.o
LOAD ./Core/Src/ADC_driver.o
LOAD ./Core/Src/Battery_manager.o
LOAD ./Core/Src/MAX9924_driver.o
LOAD ./Core/Src/cJSON.o
LOAD ./Core/Src/communication_serial_protocol.o
LOAD ./Core/Src/engine_control.o
LOAD ./Core/Src/main.o
LOAD ./Core/Src/stm32h7xx_hal_msp.o
LOAD ./Core/Src/stm32h7xx_it.o
LOAD ./Core/Src/syscalls.o
LOAD ./Core/Src/sysmem.o
LOAD ./Core/Src/system_stm32h7xx.o
LOAD ./Core/Startup/startup_stm32h743vitx.o
LOAD ./Drivers/STM32H7xx_HAL_Driver/Src/stm32h7xx_hal.o
LOAD ./Drivers/STM32H7xx_HAL_Driver/Src/stm32h7xx_hal_adc.o
LOAD ./Drivers/STM32H7xx_HAL_Driver/Src/stm32h7xx_hal_adc_ex.o
LOAD ./Drivers/STM32H7xx_HAL_Driver/Src/stm32h7xx_hal_cortex.o
LOAD ./Drivers/STM32H7xx_HAL_Driver/Src/stm32h7xx_hal_dma.o
LOAD ./Drivers/STM32H7xx_HAL_Driver/Src/stm32h7xx_hal_dma_ex.o
LOAD ./Drivers/STM32H7xx_HAL_Driver/Src/stm32h7xx_hal_exti.o
LOAD ./Drivers/STM32H7xx_HAL_Driver/Src/stm32h7xx_hal_flash.o
LOAD ./Drivers/STM32H7xx_HAL_Driver/Src/stm32h7xx_hal_flash_ex.o
LOAD ./Drivers/STM32H7xx_HAL_Driver/Src/stm32h7xx_hal_gpio.o
LOAD ./Drivers/STM32H7xx_HAL_Driver/Src/stm32h7xx_hal_hsem.o
LOAD ./Drivers/STM32H7xx_HAL_Driver/Src/stm32h7xx_hal_i2c.o
LOAD ./Drivers/STM32H7xx_HAL_Driver/Src/stm32h7xx_hal_i2c_ex.o
LOAD ./Drivers/STM32H7xx_HAL_Driver/Src/stm32h7xx_hal_mdma.o
LOAD ./Drivers/STM32H7xx_HAL_Driver/Src/stm32h7xx_hal_pwr.o
LOAD ./Drivers/STM32H7xx_HAL_Driver/Src/stm32h7xx_hal_pwr_ex.o
LOAD ./Drivers/STM32H7xx_HAL_Driver/Src/stm32h7xx_hal_rcc.o
LOAD ./Drivers/STM32H7xx_HAL_Driver/Src/stm32h7xx_hal_rcc_ex.o
LOAD ./Drivers/STM32H7xx_HAL_Driver/Src/stm32h7xx_hal_tim.o
LOAD ./Drivers/STM32H7xx_HAL_Driver/Src/stm32h7xx_hal_tim_ex.o
LOAD ./Drivers/STM32H7xx_HAL_Driver/Src/stm32h7xx_hal_uart.o
LOAD ./Drivers/STM32H7xx_HAL_Driver/Src/stm32h7xx_hal_uart_ex.o
START GROUP
LOAD C:/ST/STM32CubeIDE_1.16.1/STM32CubeIDE/plugins/com.st.stm32cube.ide.mcu.externaltools.gnu-tools-for-stm32.13.3.rel1.win32_1.0.100.202509120712/tools/bin/../lib/gcc/arm-none-eabi/13.3.1/../../../../arm-none-eabi/lib/thumb/v7e-m+dp/hard\libc_nano.a
LOAD C:/ST/STM32CubeIDE_1.16.1/STM32CubeIDE/plugins/com.st.stm32cube.ide.mcu.externaltools.gnu-tools-for-stm32.13.3.rel1.win32_1.0.100.202509120712/tools/bin/../lib/gcc/arm-none-eabi/13.3.1/../../../../arm-none-eabi/lib/thumb/v7e-m+dp/hard\libm.a
END GROUP
START GROUP
LOAD C:/ST/STM32CubeIDE_1.16.1/STM32CubeIDE/plugins/com.st.stm32cube.ide.mcu.externaltools.gnu-tools-for-stm32.13.3.rel1.win32_1.0.100.202509120712/tools/bin/../lib/gcc/arm-none-eabi/13.3.1/thumb/v7e-m+dp/hard\libgcc.a
LOAD C:/ST/STM32CubeIDE_1.16.1/STM32CubeIDE/plugins/com.st.stm32cube.ide.mcu.externaltools.gnu-tools-for-stm32.13.3.rel1.win32_1.0.100.202509120712/tools/bin/../lib/gcc/arm-none-eabi/13.3.1/../../../../arm-none-eabi/lib/thumb/v7e-m+dp/hard\libc_nano.a
END GROUP
START GROUP
LOAD C:/ST/STM32CubeIDE_1.16.1/STM32CubeIDE/plugins/com.st.stm32cube.ide.mcu.externaltools.gnu-tools-for-stm32.13.3.rel1.win32_1.0.100.202509120712/tools/bin/../lib/gcc/arm-none-eabi/13.3.1/thumb/v7e-m+dp/hard\libgcc.a
LOAD C:/ST/STM32CubeIDE_1.16.1/STM32CubeIDE/plugins/com.st.stm32cube.ide.mcu.externaltools.gnu-tools-for-stm32.13.3.rel1.win32_1.0.100.202509120712/tools/bin/../lib/gcc/arm-none-eabi/13.3.1/../../../../arm-none-eabi/lib/thumb/v7e-m+dp/hard\libc_nano.a
LOAD C:/ST/STM32CubeIDE_1.16.1/STM32CubeIDE/plugins/com.st.stm32cube.ide.mcu.externaltools.gnu-tools-for-stm32.13.3.rel1.win32_1.0.100.202509120712/tools/bin/../lib/gcc/arm-none-eabi/13.3.1/../../../../arm-none-eabi/lib/thumb/v7e-m+dp/hard\libnosys.a
END GROUP
START GROUP
LOAD C:/ST/STM32CubeIDE_1.16.1/STM32CubeIDE/plugins/com.st.stm32cube.ide.mcu.externaltools.gnu-tools-for-stm32.13.3.rel1.win32_1.0.100.202509120712/tools/bin/../lib/gcc/arm-none-eabi/13.3.1/thumb/v7e-m+dp/hard\libgcc.a
LOAD C:/ST/STM32CubeIDE_1.16.1/STM32CubeIDE/plugins/com.st.stm32cube.ide.mcu.externaltools.gnu-tools-for-stm32.13.3.rel1.win32_1.0.100.202509120712/tools/bin/../lib/gcc/arm-none-eabi/13.3.1/../../../../arm-none-eabi/lib/thumb/v7e-m+dp/hard\libc_nano.a
LOAD C:/ST/STM32CubeIDE_1.16.1/STM32CubeIDE/plugins/com.st.stm32cube.ide.mcu.externaltools.gnu-tools-for-stm32.13.3.rel1.win32_1.0.100.202509120712/tools/bin/../lib/gcc/arm-none-eabi/13.3.1/../../../../arm-none-eabi/lib/thumb/v7e-m+dp/hard\libnosys.a
END GROUP
LOAD C:/ST/STM32CubeIDE_1.16.1/STM32CubeIDE/plugins/com.st.stm32cube.ide.mcu.externaltools.gnu-tools-for-stm32.13.3.rel1.win32_1.0.100.202509120712/tools/bin/../lib/gcc/arm-none-eabi/13.3.1/thumb/v7e-m+dp/hard/crtend.o
LOAD C:/ST/STM32CubeIDE_1.16.1/STM32CubeIDE/plugins/com.st.stm32cube.ide.mcu.externaltools.gnu-tools-for-stm32.13.3.rel1.win32_1.0.100.202509120712/tools/bin/../lib/gcc/arm-none-eabi/13.3.1/thumb/v7e-m+dp/hard/crtn.o
                0x24080000                        _estack = (ORIGIN (RAM_D1) + LENGTH (RAM_D1))
                0x00000200                        _Min_Heap_Size = 0x200
                0x00000400                        _Min_Stack_Size = 0x400

.isr_vector     0x08000000      0x298
                0x08000000                        . = ALIGN (0x4)
 *(.isr_vector)
 .isr_vector    0x08000000      0x298 ./Core/Startup/startup_stm32h743vitx.o
                0x08000000                g_pfnVectors
                0x08000298                        . = ALIGN (0x4)

.text           0x080002a0     0xe8e4
                0x080002a0                        . = ALIGN (0x4)
 *(.text)
 .text          0x080002a0       0x40 C:/ST/STM32CubeIDE_1.16.1/STM32CubeIDE/plugins/com.st.stm32cube.ide.mcu.externaltools.gnu-tools-for-stm32.13.3.rel1.win32_1.0.100.202509120712/tools/bin/../lib/gcc/arm-none-eabi/13.3.1/thumb/v7e-m+dp/hard/crtbegin.o
 .text          0x080002e0       0xa0 C:/ST/STM32CubeIDE_1.16.1/STM32CubeIDE/plugins/com.st.stm32cube.ide.mcu.externaltools.gnu-tools-for-stm32.13.3.rel1.win32_1.0.100.202509120712/tools/bin/../lib/gcc/arm-none-eabi/13.3.1/../../../../arm-none-eabi/lib/thumb/v7e-m+dp/hard\libc_nano.a(libc_a-memchr.o)
                0x080002e0                memchr
 .text          0x08000380       0x10 C:/ST/STM32CubeIDE_1.16.1/STM32CubeIDE/plugins/com.st.stm32cube.ide.mcu.externaltools.gnu-tools-for-stm32.13.3.rel1.win32_1.0.100.202509120712/tools/bin/../lib/gcc/arm-none-eabi/13.3.1/../../../../arm-none-eabi/lib/thumb/v7e-m+dp/hard\libc_nano.a(libc_a-strlen.o)
                0x08000380                strlen
 .text          0x08000390      0x378 C:/ST/STM32CubeIDE_1.16.1/STM32CubeIDE/plugins/com.st.stm32cube.ide.mcu.externaltools.gnu-tools-for-stm32.13.3.rel1.win32_1.0.100.202509120712/tools/bin/../lib/gcc/arm-none-eabi/13.3.1/thumb/v7e-m+dp/hard\libgcc.a(_arm_addsubdf3.o)
                0x08000390                __aeabi_drsub
                0x08000398                __aeabi_dsub
                0x08000398                __subdf3
                0x0800039c                __aeabi_dadd
                0x0800039c                __adddf3
                0x08000614                __floatunsidf
                0x08000614                __aeabi_ui2d
                0x08000634                __floatsidf
                0x08000634                __aeabi_i2d
                0x08000658                __aeabi_f2d
                0x08000658                __extendsfdf2
                0x0800069c                __floatundidf
                0x0800069c                __aeabi_ul2d
                0x080006ac                __floatdidf
                0x080006ac                __aeabi_l2d
 .text          0x08000708       0x30 C:/ST/STM32CubeIDE_1.16.1/STM32CubeIDE/plugins/com.st.stm32cube.ide.mcu.externaltools.gnu-tools-for-stm32.13.3.rel1.win32_1.0.100.202509120712/tools/bin/../lib/gcc/arm-none-eabi/13.3.1/thumb/v7e-m+dp/hard\libgcc.a(_aeabi_uldivmod.o)
                0x08000708                __aeabi_uldivmod
 .text          0x08000738       0x30 C:/ST/STM32CubeIDE_1.16.1/STM32CubeIDE/plugins/com.st.stm32cube.ide.mcu.externaltools.gnu-tools-for-stm32.13.3.rel1.win32_1.0.100.202509120712/tools/bin/../lib/gcc/arm-none-eabi/13.3.1/thumb/v7e-m+dp/hard\libgcc.a(_fixdfdi.o)
                0x08000738                __fixdfdi
                0x08000738                __aeabi_d2lz
 .text          0x08000768       0x40 C:/ST/STM32CubeIDE_1.16.1/STM32CubeIDE/plugins/com.st.stm32cube.ide.mcu.externaltools.gnu-tools-for-stm32.13.3.rel1.win32_1.0.100.202509120712/tools/bin/../lib/gcc/arm-none-eabi/13.3.1/thumb/v7e-m+dp/hard\libgcc.a(_fixunsdfdi.o)
                0x08000768                __fixunsdfdi
                0x08000768                __aeabi_d2ulz
 .text          0x080007a8      0x2f8 C:/ST/STM32CubeIDE_1.16.1/STM32CubeIDE/plugins/com.st.stm32cube.ide.mcu.externaltools.gnu-tools-for-stm32.13.3.rel1.win32_1.0.100.202509120712/tools/bin/../lib/gcc/arm-none-eabi/13.3.1/thumb/v7e-m+dp/hard\libgcc.a(_udivmoddi4.o)
                0x080007a8                __udivmoddi4
 .text          0x08000aa0        0x4 C:/ST/STM32CubeIDE_1.16.1/STM32CubeIDE/plugins/com.st.stm32cube.ide.mcu.externaltools.gnu-tools-for-stm32.13.3.rel1.win32_1.0.100.202509120712/tools/bin/../lib/gcc/arm-none-eabi/13.3.1/thumb/v7e-m+dp/hard\libgcc.a(_dvmd_tls.o)
                0x08000aa0                __aeabi_idiv0
                0x08000aa0                __aeabi_ldiv0
 *(.text*)
 .text.AD7998_ConfigureAllChannels
                0x08000aa4       0x28 ./Core/Src/ADC_driver.o
 .text.AD7998_ReadChannel
                0x08000acc       0xc4 ./Core/Src/ADC_driver.o
 .text.AD7998_Init
                0x08000b90       0xd8 ./Core/Src/ADC_driver.o
                0x08000b90                AD7998_Init
 .text.AD7998_U16_ReadAllChannels
                0x08000c68       0x34 ./Core/Src/ADC_driver.o
                0x08000c68                AD7998_U16_ReadAllChannels
 .text.AD7998_U17_ReadAllChannels
                0x08000c9c       0x34 ./Core/Src/ADC_driver.o
                0x08000c9c                AD7998_U17_ReadAllChannels
 .text.AD7998_U16_GetSensorName
                0x08000cd0       0x18 ./Core/Src/ADC_driver.o
                0x08000cd0                AD7998_U16_GetSensorName
 .text.AD7998_U17_GetSensorName
                0x08000ce8       0x18 ./Core/Src/ADC_driver.o
                0x08000ce8                AD7998_U17_GetSensorName
 .text.BATTERY_Init
                0x08000d00       0x20 ./Core/Src/Battery_manager.o
                0x08000d00                BATTERY_Init
 .text.BATTERY_ReadRaw
                0x08000d20       0x60 ./Core/Src/Battery_manager.o
                0x08000d20                BATTERY_ReadRaw
 .text.BATTERY_ReadVoltage
                0x08000d80       0x98 ./Core/Src/Battery_manager.o
                0x08000d80                BATTERY_ReadVoltage
 .text.BATTERY_Calibrate
                0x08000e18       0x40 ./Core/Src/Battery_manager.o
                0x08000e18                BATTERY_Calibrate
 .text.BATTERY_Calibrate_LV
                0x08000e58       0xbc ./Core/Src/Battery_manager.o
                0x08000e58                BATTERY_Calibrate_LV
 .text.VR_Init  0x08000f14       0x60 ./Core/Src/MAX9924_driver.o
                0x08000f14                VR_Init
 .text.VR_InputCaptureCallback
                0x08000f74      0x178 ./Core/Src/MAX9924_driver.o
                0x08000f74                VR_InputCaptureCallback
 .text.update_offset
                0x080010ec       0x18 ./Core/Src/cJSON.o
 .text.ensure   0x08001104       0x7e ./Core/Src/cJSON.o
 *fill*         0x08001182        0x2 
 .text.print_string_ptr
                0x08001184      0x11c ./Core/Src/cJSON.o
 .text.add_item_to_array
                0x080012a0       0x28 ./Core/Src/cJSON.o
 .text.cJSON_strdup.constprop.0
                0x080012c8       0x2c ./Core/Src/cJSON.o
 .text.add_item_to_object.constprop.0
                0x080012f4       0x54 ./Core/Src/cJSON.o
 .text.cJSON_New_Item.isra.0
                0x08001348       0x18 ./Core/Src/cJSON.o
 .text.print_value
                0x08001360      0x3c4 ./Core/Src/cJSON.o
 .text.print.constprop.0
                0x08001724       0x94 ./Core/Src/cJSON.o
 .text.cJSON_Delete
                0x080017b8       0x58 ./Core/Src/cJSON.o
                0x080017b8                cJSON_Delete
 .text.cJSON_PrintUnformatted
                0x08001810        0x6 ./Core/Src/cJSON.o
                0x08001810                cJSON_PrintUnformatted
 .text.cJSON_AddItemToArray
                0x08001816        0x4 ./Core/Src/cJSON.o
                0x08001816                cJSON_AddItemToArray
 .text.cJSON_AddItemToObject
                0x0800181a        0x6 ./Core/Src/cJSON.o
                0x0800181a                cJSON_AddItemToObject
 .text.cJSON_CreateNumber
                0x08001820       0x6c ./Core/Src/cJSON.o
                0x08001820                cJSON_CreateNumber
 .text.cJSON_AddNumberToObject
                0x0800188c       0x28 ./Core/Src/cJSON.o
                0x0800188c                cJSON_AddNumberToObject
 .text.cJSON_CreateString
                0x080018b4       0x30 ./Core/Src/cJSON.o
                0x080018b4                cJSON_CreateString
 .text.cJSON_AddStringToObject
                0x080018e4       0x2a ./Core/Src/cJSON.o
                0x080018e4                cJSON_AddStringToObject
 *fill*         0x0800190e        0x2 
 .text.cJSON_CreateRaw
                0x08001910       0x30 ./Core/Src/cJSON.o
                0x08001910                cJSON_CreateRaw
 .text.cJSON_AddRawToObject
                0x08001940       0x2a ./Core/Src/cJSON.o
                0x08001940                cJSON_AddRawToObject
 *fill*         0x0800196a        0x2 
 .text.cJSON_CreateArray
                0x0800196c       0x18 ./Core/Src/cJSON.o
                0x0800196c                cJSON_CreateArray
 .text.cJSON_CreateObject
                0x08001984       0x18 ./Core/Src/cJSON.o
                0x08001984                cJSON_CreateObject
 .text.cJSON_free
                0x0800199c        0xc ./Core/Src/cJSON.o
                0x0800199c                cJSON_free
 .text.SERIAL_Init
                0x080019a8       0x64 ./Core/Src/communication_serial_protocol.o
                0x080019a8                SERIAL_Init
 .text.SERIAL_QueueCommand
                0x08001a0c       0xc4 ./Core/Src/communication_serial_protocol.o
                0x08001a0c                SERIAL_QueueCommand
 .text.SERIAL_IsQueueFull
                0x08001ad0       0x14 ./Core/Src/communication_serial_protocol.o
                0x08001ad0                SERIAL_IsQueueFull
 .text.SERIAL_SendCommand
                0x08001ae4       0x40 ./Core/Src/communication_serial_protocol.o
                0x08001ae4                SERIAL_SendCommand
 .text.SERIAL_SendJSON
                0x08001b24       0xa0 ./Core/Src/communication_serial_protocol.o
                0x08001b24                SERIAL_SendJSON
 .text.SERIAL_DirectTransmit
                0x08001bc4       0x34 ./Core/Src/communication_serial_protocol.o
                0x08001bc4                SERIAL_DirectTransmit
 .text.SERIAL_ResetBuffers
                0x08001bf8       0x3c ./Core/Src/communication_serial_protocol.o
                0x08001bf8                SERIAL_ResetBuffers
 .text.SERIAL_ProcessQueue
                0x08001c34      0x104 ./Core/Src/communication_serial_protocol.o
                0x08001c34                SERIAL_ProcessQueue
 .text.SERIAL_CheckRXCommand
                0x08001d38      0x1d4 ./Core/Src/communication_serial_protocol.o
                0x08001d38                SERIAL_CheckRXCommand
 .text.PROTOCOL_RX_Callback
                0x08001f0c       0x5c ./Core/Src/communication_serial_protocol.o
                0x08001f0c                PROTOCOL_RX_Callback
 .text.PROTOCOL_TX_Callback
                0x08001f68       0x1c ./Core/Src/communication_serial_protocol.o
                0x08001f68                PROTOCOL_TX_Callback
 .text.SERIAL_CheckConnection
                0x08001f84       0x14 ./Core/Src/communication_serial_protocol.o
                0x08001f84                SERIAL_CheckConnection
 .text.ENGINE_CalculateAngle
                0x08001f98       0x9c ./Core/Src/engine_control.o
                0x08001f98                ENGINE_CalculateAngle
 .text.ENGINE_GetPhaseName
                0x08002034       0x18 ./Core/Src/engine_control.o
                0x08002034                ENGINE_GetPhaseName
 .text.ENGINE_UpdateCylinderPhases
                0x0800204c       0x8c ./Core/Src/engine_control.o
                0x0800204c                ENGINE_UpdateCylinderPhases
 .text.ENGINE_ScheduleNextPhase
                0x080020d8       0xc0 ./Core/Src/engine_control.o
                0x080020d8                ENGINE_ScheduleNextPhase
 .text.ENGINE_CKP_Callback
                0x08002198       0xa4 ./Core/Src/engine_control.o
                0x08002198                ENGINE_CKP_Callback
 .text.ENGINE_CMP_Callback
                0x0800223c       0x94 ./Core/Src/engine_control.o
                0x0800223c                ENGINE_CMP_Callback
 .text.ENGINE_VR_OutputCompareCallback
                0x080022d0       0xcc ./Core/Src/engine_control.o
                0x080022d0                ENGINE_VR_OutputCompareCallback
 .text.ENGINE_Schedule_Injection
                0x0800239c       0xb0 ./Core/Src/engine_control.o
                0x0800239c                ENGINE_Schedule_Injection
 .text.ENGINE_Injector_FireNow
                0x0800244c       0xe8 ./Core/Src/engine_control.o
                0x0800244c                ENGINE_Injector_FireNow
 .text.ENGINE_Injector_TestLoop
                0x08002534       0x40 ./Core/Src/engine_control.o
                0x08002534                ENGINE_Injector_TestLoop
 .text.ENGINE_Injector_ScheduleTestLoop
                0x08002574       0x5c ./Core/Src/engine_control.o
                0x08002574                ENGINE_Injector_ScheduleTestLoop
 .text.ENGINE_Injector_OutputCompareCallback
                0x080025d0        0x2 ./Core/Src/engine_control.o
                0x080025d0                ENGINE_Injector_OutputCompareCallback
 *fill*         0x080025d2        0x2 
 .text.ENGINE_Schedule_Spark
                0x080025d4       0xd4 ./Core/Src/engine_control.o
                0x080025d4                ENGINE_Schedule_Spark
 .text.ENGINE_Ignition_FireNow
                0x080026a8       0xec ./Core/Src/engine_control.o
                0x080026a8                ENGINE_Ignition_FireNow
 .text.ENGINE_Ignition_TestLoop
                0x08002794       0x44 ./Core/Src/engine_control.o
                0x08002794                ENGINE_Ignition_TestLoop
 .text.ENGINE_Ignition_ScheduleTestLoop
                0x080027d8       0x5c ./Core/Src/engine_control.o
                0x080027d8                ENGINE_Ignition_ScheduleTestLoop
 .text.ENGINE_Ignition_OutputCompareCallback
                0x08002834        0x2 ./Core/Src/engine_control.o
                0x08002834                ENGINE_Ignition_OutputCompareCallback
 *fill*         0x08002836        0x2 
 .text.SEND_VR_CallBack
                0x08002838      0x1c8 ./Core/Src/main.o
                0x08002838                SEND_VR_CallBack
 .text.SEND_Battery_CallBack
                0x08002a00      0x180 ./Core/Src/main.o
                0x08002a00                SEND_Battery_CallBack
 .text.SEND_ADC_CallBack
                0x08002b80      0x188 ./Core/Src/main.o
                0x08002b80                SEND_ADC_CallBack
 .text.SEND_Engine_CallBack
                0x08002d08      0x1ac ./Core/Src/main.o
                0x08002d08                SEND_Engine_CallBack
 .text.HAL_TIM_IC_CaptureCallback
                0x08002eb4       0x34 ./Core/Src/main.o
                0x08002eb4                HAL_TIM_IC_CaptureCallback
 .text.HAL_TIM_OC_DelayElapsedCallback
                0x08002ee8      0x2d8 ./Core/Src/main.o
                0x08002ee8                HAL_TIM_OC_DelayElapsedCallback
 .text.I2C_Scanner
                0x080031c0       0x80 ./Core/Src/main.o
                0x080031c0                I2C_Scanner
 .text.ADC_Read_Cycle
                0x08003240       0x28 ./Core/Src/main.o
                0x08003240                ADC_Read_Cycle
 .text.ENGINE_INJECTOR_SCHEDULE_TEST_TOGGLE
                0x08003268       0x14 ./Core/Src/main.o
                0x08003268                ENGINE_INJECTOR_SCHEDULE_TEST_TOGGLE
 .text.ENGINE_IGNITION_SCHEDULE_TEST_TOGGLE
                0x0800327c       0x14 ./Core/Src/main.o
                0x0800327c                ENGINE_IGNITION_SCHEDULE_TEST_TOGGLE
 .text.SystemClock_Config
                0x08003290       0xb4 ./Core/Src/main.o
                0x08003290                SystemClock_Config
 .text.TIM1_Init_Config
                0x08003344       0x5c ./Core/Src/main.o
                0x08003344                TIM1_Init_Config
 .text.TIM4_Init_Config
                0x080033a0       0x3c ./Core/Src/main.o
                0x080033a0                TIM4_Init_Config
 .text.TIM5_Init_Config
                0x080033dc       0x34 ./Core/Src/main.o
                0x080033dc                TIM5_Init_Config
 .text.startup.main
                0x08003410      0x6f8 ./Core/Src/main.o
                0x08003410                main
 .text.HAL_UART_RxCpltCallback
                0x08003b08       0x14 ./Core/Src/main.o
                0x08003b08                HAL_UART_RxCpltCallback
 .text.HAL_UART_TxCpltCallback
                0x08003b1c       0x14 ./Core/Src/main.o
                0x08003b1c                HAL_UART_TxCpltCallback
 .text._write   0x08003b30       0x18 ./Core/Src/main.o
                0x08003b30                _write
 .text.Error_Handler
                0x08003b48        0x4 ./Core/Src/main.o
                0x08003b48                Error_Handler
 .text.HAL_MspInit
                0x08003b4c       0x24 ./Core/Src/stm32h7xx_hal_msp.o
                0x08003b4c                HAL_MspInit
 .text.HAL_ADC_MspInit
                0x08003b70       0xa4 ./Core/Src/stm32h7xx_hal_msp.o
                0x08003b70                HAL_ADC_MspInit
 .text.HAL_I2C_MspInit
                0x08003c14      0x104 ./Core/Src/stm32h7xx_hal_msp.o
                0x08003c14                HAL_I2C_MspInit
 .text.HAL_TIM_Base_MspInit
                0x08003d18       0xf4 ./Core/Src/stm32h7xx_hal_msp.o
                0x08003d18                HAL_TIM_Base_MspInit
 .text.HAL_TIM_MspPostInit
                0x08003e0c       0x94 ./Core/Src/stm32h7xx_hal_msp.o
                0x08003e0c                HAL_TIM_MspPostInit
 .text.HAL_UART_MspInit
                0x08003ea0      0x11c ./Core/Src/stm32h7xx_hal_msp.o
                0x08003ea0                HAL_UART_MspInit
 .text.NMI_Handler
                0x08003fbc        0x2 ./Core/Src/stm32h7xx_it.o
                0x08003fbc                NMI_Handler
 .text.HardFault_Handler
                0x08003fbe        0x2 ./Core/Src/stm32h7xx_it.o
                0x08003fbe                HardFault_Handler
 .text.MemManage_Handler
                0x08003fc0        0x2 ./Core/Src/stm32h7xx_it.o
                0x08003fc0                MemManage_Handler
 .text.BusFault_Handler
                0x08003fc2        0x2 ./Core/Src/stm32h7xx_it.o
                0x08003fc2                BusFault_Handler
 .text.UsageFault_Handler
                0x08003fc4        0x2 ./Core/Src/stm32h7xx_it.o
                0x08003fc4                UsageFault_Handler
 .text.SVC_Handler
                0x08003fc6        0x2 ./Core/Src/stm32h7xx_it.o
                0x08003fc6                SVC_Handler
 .text.DebugMon_Handler
                0x08003fc8        0x2 ./Core/Src/stm32h7xx_it.o
                0x08003fc8                DebugMon_Handler
 .text.PendSV_Handler
                0x08003fca        0x2 ./Core/Src/stm32h7xx_it.o
                0x08003fca                PendSV_Handler
 .text.SysTick_Handler
                0x08003fcc        0x4 ./Core/Src/stm32h7xx_it.o
                0x08003fcc                SysTick_Handler
 .text.TIM1_UP_IRQHandler
                0x08003fd0        0xc ./Core/Src/stm32h7xx_it.o
                0x08003fd0                TIM1_UP_IRQHandler
 .text.TIM1_CC_IRQHandler
                0x08003fdc        0x4 ./Core/Src/stm32h7xx_it.o
                0x08003fdc                TIM1_CC_IRQHandler
 .text.TIM4_IRQHandler
                0x08003fe0        0xc ./Core/Src/stm32h7xx_it.o
                0x08003fe0                TIM4_IRQHandler
 .text.USART1_IRQHandler
                0x08003fec        0xc ./Core/Src/stm32h7xx_it.o
                0x08003fec                USART1_IRQHandler
 .text.TIM5_IRQHandler
                0x08003ff8        0xc ./Core/Src/stm32h7xx_it.o
                0x08003ff8                TIM5_IRQHandler
 .text._getpid  0x08004004        0x4 ./Core/Src/syscalls.o
                0x08004004                _getpid
 .text._kill    0x08004008       0x10 ./Core/Src/syscalls.o
                0x08004008                _kill
 .text._exit    0x08004018        0xc ./Core/Src/syscalls.o
                0x08004018                _exit
 .text._read    0x08004024       0x1c ./Core/Src/syscalls.o
                0x08004024                _read
 .text._close   0x08004040        0x6 ./Core/Src/syscalls.o
                0x08004040                _close
 .text._fstat   0x08004046        0xa ./Core/Src/syscalls.o
                0x08004046                _fstat
 .text._isatty  0x08004050        0x4 ./Core/Src/syscalls.o
                0x08004050                _isatty
 .text._lseek   0x08004054        0x4 ./Core/Src/syscalls.o
                0x08004054                _lseek
 .text._sbrk    0x08004058       0x40 ./Core/Src/sysmem.o
                0x08004058                _sbrk
 .text.SystemInit
                0x08004098       0xe4 ./Core/Src/system_stm32h7xx.o
                0x08004098                SystemInit
 .text.ExitRun0Mode
                0x0800417c       0x18 ./Core/Src/system_stm32h7xx.o
                0x0800417c                ExitRun0Mode
 .text.Reset_Handler
                0x08004194       0x54 ./Core/Startup/startup_stm32h743vitx.o
                0x08004194                Reset_Handler
 .text.Default_Handler
                0x080041e8        0x2 ./Core/Startup/startup_stm32h743vitx.o
                0x080041e8                RTC_Alarm_IRQHandler
                0x080041e8                EXTI2_IRQHandler
                0x080041e8                TIM8_CC_IRQHandler
                0x080041e8                HRTIM1_Master_IRQHandler
                0x080041e8                UART8_IRQHandler
                0x080041e8                SPI4_IRQHandler
                0x080041e8                BDMA_Channel6_IRQHandler
                0x080041e8                DMA2_Stream5_IRQHandler
                0x080041e8                HRTIM1_FLT_IRQHandler
                0x080041e8                JPEG_IRQHandler
                0x080041e8                DMA1_Stream5_IRQHandler
                0x080041e8                BDMA_Channel1_IRQHandler
                0x080041e8                HRTIM1_TIMD_IRQHandler
                0x080041e8                TAMP_STAMP_IRQHandler
                0x080041e8                EXTI3_IRQHandler
                0x080041e8                LPTIM4_IRQHandler
                0x080041e8                TIM8_TRG_COM_TIM14_IRQHandler
                0x080041e8                LPTIM2_IRQHandler
                0x080041e8                DFSDM1_FLT1_IRQHandler
                0x080041e8                DMAMUX2_OVR_IRQHandler
                0x080041e8                TIM8_UP_TIM13_IRQHandler
                0x080041e8                I2C3_ER_IRQHandler
                0x080041e8                DFSDM1_FLT2_IRQHandler
                0x080041e8                MDMA_IRQHandler
                0x080041e8                LPTIM3_IRQHandler
                0x080041e8                HSEM1_IRQHandler
                0x080041e8                EXTI0_IRQHandler
                0x080041e8                I2C2_EV_IRQHandler
                0x080041e8                DMA1_Stream2_IRQHandler
                0x080041e8                FPU_IRQHandler
                0x080041e8                OTG_HS_WKUP_IRQHandler
                0x080041e8                FDCAN1_IT1_IRQHandler
                0x080041e8                LTDC_ER_IRQHandler
                0x080041e8                DMA2_Stream2_IRQHandler
                0x080041e8                HRTIM1_TIME_IRQHandler
                0x080041e8                SPI1_IRQHandler
                0x080041e8                TIM6_DAC_IRQHandler
                0x080041e8                DCMI_IRQHandler
                0x080041e8                HRTIM1_TIMC_IRQHandler
                0x080041e8                DMA2_Stream3_IRQHandler
                0x080041e8                SAI2_IRQHandler
                0x080041e8                DFSDM1_FLT3_IRQHandler
                0x080041e8                USART6_IRQHandler
                0x080041e8                TIM17_IRQHandler
                0x080041e8                USART3_IRQHandler
                0x080041e8                BDMA_Channel7_IRQHandler
                0x080041e8                LPTIM5_IRQHandler
                0x080041e8                UART5_IRQHandler
                0x080041e8                ADC3_IRQHandler
                0x080041e8                DMA2_Stream0_IRQHandler
                0x080041e8                BDMA_Channel2_IRQHandler
                0x080041e8                QUADSPI_IRQHandler
                0x080041e8                I2C1_EV_IRQHandler
                0x080041e8                DMA1_Stream6_IRQHandler
                0x080041e8                DMAMUX1_OVR_IRQHandler
                0x080041e8                DMA1_Stream1_IRQHandler
                0x080041e8                TIM16_IRQHandler
                0x080041e8                UART4_IRQHandler
                0x080041e8                BDMA_Channel5_IRQHandler
                0x080041e8                TIM3_IRQHandler
                0x080041e8                RCC_IRQHandler
                0x080041e8                TIM8_BRK_TIM12_IRQHandler
                0x080041e8                TIM1_TRG_COM_IRQHandler
                0x080041e8                Default_Handler
                0x080041e8                ECC_IRQHandler
                0x080041e8                CEC_IRQHandler
                0x080041e8                EXTI15_10_IRQHandler
                0x080041e8                BDMA_Channel0_IRQHandler
                0x080041e8                ADC_IRQHandler
                0x080041e8                DMA1_Stream7_IRQHandler
                0x080041e8                HRTIM1_TIMA_IRQHandler
                0x080041e8                SPI5_IRQHandler
                0x080041e8                TIM7_IRQHandler
                0x080041e8                SDMMC1_IRQHandler
                0x080041e8                DMA2_Stream7_IRQHandler
                0x080041e8                TIM15_IRQHandler
                0x080041e8                PVD_AVD_IRQHandler
                0x080041e8                I2C3_EV_IRQHandler
                0x080041e8                EXTI9_5_IRQHandler
                0x080041e8                RTC_WKUP_IRQHandler
                0x080041e8                LTDC_IRQHandler
                0x080041e8                SAI3_IRQHandler
                0x080041e8                ETH_WKUP_IRQHandler
                0x080041e8                SPDIF_RX_IRQHandler
                0x080041e8                SPI2_IRQHandler
                0x080041e8                OTG_HS_EP1_IN_IRQHandler
                0x080041e8                DMA1_Stream0_IRQHandler
                0x080041e8                CRS_IRQHandler
                0x080041e8                EXTI4_IRQHandler
                0x080041e8                RNG_IRQHandler
                0x080041e8                HRTIM1_TIMB_IRQHandler
                0x080041e8                FDCAN2_IT1_IRQHandler
                0x080041e8                ETH_IRQHandler
                0x080041e8                BDMA_Channel4_IRQHandler
                0x080041e8                OTG_HS_EP1_OUT_IRQHandler
                0x080041e8                WWDG_IRQHandler
                0x080041e8                SPI6_IRQHandler
                0x080041e8                MDIOS_IRQHandler
                0x080041e8                I2C4_EV_IRQHandler
                0x080041e8                FDCAN2_IT0_IRQHandler
                0x080041e8                LPUART1_IRQHandler
                0x080041e8                FDCAN1_IT0_IRQHandler
                0x080041e8                TIM2_IRQHandler
                0x080041e8                OTG_FS_WKUP_IRQHandler
                0x080041e8                OTG_HS_IRQHandler
                0x080041e8                DMA2D_IRQHandler
                0x080041e8                TIM1_BRK_IRQHandler
                0x080041e8                EXTI1_IRQHandler
                0x080041e8                SDMMC2_IRQHandler
                0x080041e8                OTG_FS_EP1_OUT_IRQHandler
                0x080041e8                BDMA_Channel3_IRQHandler
                0x080041e8                UART7_IRQHandler
                0x080041e8                MDIOS_WKUP_IRQHandler
                0x080041e8                USART2_IRQHandler
                0x080041e8                DFSDM1_FLT0_IRQHandler
                0x080041e8                SAI4_IRQHandler
                0x080041e8                I2C2_ER_IRQHandler
                0x080041e8                DMA2_Stream1_IRQHandler
                0x080041e8                FLASH_IRQHandler
                0x080041e8                DMA2_Stream4_IRQHandler
                0x080041e8                OTG_FS_IRQHandler
                0x080041e8                SPI3_IRQHandler
                0x080041e8                WAKEUP_PIN_IRQHandler
                0x080041e8                DMA1_Stream4_IRQHandler
                0x080041e8                OTG_FS_EP1_IN_IRQHandler
                0x080041e8                I2C1_ER_IRQHandler
                0x080041e8                FMC_IRQHandler
                0x080041e8                FDCAN_CAL_IRQHandler
                0x080041e8                SWPMI1_IRQHandler
                0x080041e8                COMP1_IRQHandler
                0x080041e8                LPTIM1_IRQHandler
                0x080041e8                I2C4_ER_IRQHandler
                0x080041e8                DMA2_Stream6_IRQHandler
                0x080041e8                SAI1_IRQHandler
                0x080041e8                DMA1_Stream3_IRQHandler
 *fill*         0x080041ea        0x2 
 .text.HAL_InitTick
                0x080041ec       0x4c ./Drivers/STM32H7xx_HAL_Driver/Src/stm32h7xx_hal.o
                0x080041ec                HAL_InitTick
 .text.HAL_Init
                0x08004238       0x5c ./Drivers/STM32H7xx_HAL_Driver/Src/stm32h7xx_hal.o
                0x08004238                HAL_Init
 .text.HAL_IncTick
                0x08004294       0x18 ./Drivers/STM32H7xx_HAL_Driver/Src/stm32h7xx_hal.o
                0x08004294                HAL_IncTick
 .text.HAL_GetTick
                0x080042ac        0xc ./Drivers/STM32H7xx_HAL_Driver/Src/stm32h7xx_hal.o
                0x080042ac                HAL_GetTick
 .text.HAL_Delay
                0x080042b8       0x24 ./Drivers/STM32H7xx_HAL_Driver/Src/stm32h7xx_hal.o
                0x080042b8                HAL_Delay
 .text.HAL_GetREVID
                0x080042dc        0xc ./Drivers/STM32H7xx_HAL_Driver/Src/stm32h7xx_hal.o
                0x080042dc                HAL_GetREVID
 .text.LL_ADC_IsEnabled
                0x080042e8        0x8 ./Drivers/STM32H7xx_HAL_Driver/Src/stm32h7xx_hal_adc.o
 .text.LL_ADC_REG_IsConversionOngoing
                0x080042f0        0x8 ./Drivers/STM32H7xx_HAL_Driver/Src/stm32h7xx_hal_adc.o
 .text.HAL_ADC_PollForConversion
                0x080042f8      0x118 ./Drivers/STM32H7xx_HAL_Driver/Src/stm32h7xx_hal_adc.o
                0x080042f8                HAL_ADC_PollForConversion
 .text.HAL_ADC_GetValue
                0x08004410        0x6 ./Drivers/STM32H7xx_HAL_Driver/Src/stm32h7xx_hal_adc.o
                0x08004410                HAL_ADC_GetValue
 *fill*         0x08004416        0x2 
 .text.HAL_ADC_ConfigChannel
                0x08004418      0x3fc ./Drivers/STM32H7xx_HAL_Driver/Src/stm32h7xx_hal_adc.o
                0x08004418                HAL_ADC_ConfigChannel
 .text.ADC_ConversionStop
                0x08004814       0xcc ./Drivers/STM32H7xx_HAL_Driver/Src/stm32h7xx_hal_adc.o
                0x08004814                ADC_ConversionStop
 .text.ADC_Enable
                0x080048e0       0xac ./Drivers/STM32H7xx_HAL_Driver/Src/stm32h7xx_hal_adc.o
                0x080048e0                ADC_Enable
 .text.HAL_ADC_Start
                0x0800498c       0xfc ./Drivers/STM32H7xx_HAL_Driver/Src/stm32h7xx_hal_adc.o
                0x0800498c                HAL_ADC_Start
 .text.ADC_Disable
                0x08004a88       0x6a ./Drivers/STM32H7xx_HAL_Driver/Src/stm32h7xx_hal_adc.o
                0x08004a88                ADC_Disable
 .text.HAL_ADC_Stop
                0x08004af2       0x3e ./Drivers/STM32H7xx_HAL_Driver/Src/stm32h7xx_hal_adc.o
                0x08004af2                HAL_ADC_Stop
 .text.ADC_ConfigureBoostMode
                0x08004b30      0x12c ./Drivers/STM32H7xx_HAL_Driver/Src/stm32h7xx_hal_adc.o
                0x08004b30                ADC_ConfigureBoostMode
 .text.HAL_ADC_Init
                0x08004c5c      0x210 ./Drivers/STM32H7xx_HAL_Driver/Src/stm32h7xx_hal_adc.o
                0x08004c5c                HAL_ADC_Init
 .text.LL_ADC_IsEnabled
                0x08004e6c        0x8 ./Drivers/STM32H7xx_HAL_Driver/Src/stm32h7xx_hal_adc_ex.o
 .text.LL_ADC_REG_IsConversionOngoing
                0x08004e74        0x8 ./Drivers/STM32H7xx_HAL_Driver/Src/stm32h7xx_hal_adc_ex.o
 .text.HAL_ADCEx_Calibration_Start
                0x08004e7c       0xa0 ./Drivers/STM32H7xx_HAL_Driver/Src/stm32h7xx_hal_adc_ex.o
                0x08004e7c                HAL_ADCEx_Calibration_Start
 .text.HAL_ADCEx_MultiModeConfigChannel
                0x08004f1c       0xcc ./Drivers/STM32H7xx_HAL_Driver/Src/stm32h7xx_hal_adc_ex.o
                0x08004f1c                HAL_ADCEx_MultiModeConfigChannel
 .text.HAL_NVIC_SetPriorityGrouping
                0x08004fe8       0x24 ./Drivers/STM32H7xx_HAL_Driver/Src/stm32h7xx_hal_cortex.o
                0x08004fe8                HAL_NVIC_SetPriorityGrouping
 .text.HAL_NVIC_SetPriority
                0x0800500c       0x64 ./Drivers/STM32H7xx_HAL_Driver/Src/stm32h7xx_hal_cortex.o
                0x0800500c                HAL_NVIC_SetPriority
 .text.HAL_NVIC_EnableIRQ
                0x08005070       0x1c ./Drivers/STM32H7xx_HAL_Driver/Src/stm32h7xx_hal_cortex.o
                0x08005070                HAL_NVIC_EnableIRQ
 .text.HAL_SYSTICK_Config
                0x0800508c       0x28 ./Drivers/STM32H7xx_HAL_Driver/Src/stm32h7xx_hal_cortex.o
                0x0800508c                HAL_SYSTICK_Config
 .text.HAL_MPU_Disable
                0x080050b4       0x1c ./Drivers/STM32H7xx_HAL_Driver/Src/stm32h7xx_hal_cortex.o
                0x080050b4                HAL_MPU_Disable
 .text.HAL_MPU_Enable
                0x080050d0       0x20 ./Drivers/STM32H7xx_HAL_Driver/Src/stm32h7xx_hal_cortex.o
                0x080050d0                HAL_MPU_Enable
 .text.HAL_MPU_ConfigRegion
                0x080050f0       0x58 ./Drivers/STM32H7xx_HAL_Driver/Src/stm32h7xx_hal_cortex.o
                0x080050f0                HAL_MPU_ConfigRegion
 .text.HAL_DMA_Abort
                0x08005148      0x228 ./Drivers/STM32H7xx_HAL_Driver/Src/stm32h7xx_hal_dma.o
                0x08005148                HAL_DMA_Abort
 .text.HAL_DMA_Abort_IT
                0x08005370      0x120 ./Drivers/STM32H7xx_HAL_Driver/Src/stm32h7xx_hal_dma.o
                0x08005370                HAL_DMA_Abort_IT
 .text.HAL_GPIO_Init
                0x08005490      0x1d0 ./Drivers/STM32H7xx_HAL_Driver/Src/stm32h7xx_hal_gpio.o
                0x08005490                HAL_GPIO_Init
 .text.I2C_Flush_TXDR
                0x08005660       0x1c ./Drivers/STM32H7xx_HAL_Driver/Src/stm32h7xx_hal_i2c.o
 .text.I2C_TransferConfig
                0x0800567c       0x2c ./Drivers/STM32H7xx_HAL_Driver/Src/stm32h7xx_hal_i2c.o
 .text.I2C_IsErrorOccurred
                0x080056a8      0x100 ./Drivers/STM32H7xx_HAL_Driver/Src/stm32h7xx_hal_i2c.o
 .text.I2C_WaitOnTXISFlagUntilTimeout
                0x080057a8       0x56 ./Drivers/STM32H7xx_HAL_Driver/Src/stm32h7xx_hal_i2c.o
 .text.I2C_WaitOnFlagUntilTimeout
                0x080057fe       0x76 ./Drivers/STM32H7xx_HAL_Driver/Src/stm32h7xx_hal_i2c.o
 .text.I2C_WaitOnSTOPFlagUntilTimeout
                0x08005874       0x52 ./Drivers/STM32H7xx_HAL_Driver/Src/stm32h7xx_hal_i2c.o
 *fill*         0x080058c6        0x2 
 .text.I2C_WaitOnRXNEFlagUntilTimeout
                0x080058c8       0xa4 ./Drivers/STM32H7xx_HAL_Driver/Src/stm32h7xx_hal_i2c.o
 .text.HAL_I2C_Init
                0x0800596c       0xaa ./Drivers/STM32H7xx_HAL_Driver/Src/stm32h7xx_hal_i2c.o
                0x0800596c                HAL_I2C_Init
 *fill*         0x08005a16        0x2 
 .text.HAL_I2C_Master_Transmit
                0x08005a18      0x15c ./Drivers/STM32H7xx_HAL_Driver/Src/stm32h7xx_hal_i2c.o
                0x08005a18                HAL_I2C_Master_Transmit
 .text.HAL_I2C_Master_Receive
                0x08005b74      0x130 ./Drivers/STM32H7xx_HAL_Driver/Src/stm32h7xx_hal_i2c.o
                0x08005b74                HAL_I2C_Master_Receive
 .text.HAL_I2C_IsDeviceReady
                0x08005ca4      0x10e ./Drivers/STM32H7xx_HAL_Driver/Src/stm32h7xx_hal_i2c.o
                0x08005ca4                HAL_I2C_IsDeviceReady
 .text.HAL_I2CEx_ConfigAnalogFilter
                0x08005db2       0x4c ./Drivers/STM32H7xx_HAL_Driver/Src/stm32h7xx_hal_i2c_ex.o
                0x08005db2                HAL_I2CEx_ConfigAnalogFilter
 .text.HAL_I2CEx_ConfigDigitalFilter
                0x08005dfe       0x4a ./Drivers/STM32H7xx_HAL_Driver/Src/stm32h7xx_hal_i2c_ex.o
                0x08005dfe                HAL_I2CEx_ConfigDigitalFilter
 .text.HAL_PWREx_ConfigSupply
                0x08005e48       0x48 ./Drivers/STM32H7xx_HAL_Driver/Src/stm32h7xx_hal_pwr_ex.o
                0x08005e48                HAL_PWREx_ConfigSupply
 .text.HAL_RCC_OscConfig
                0x08005e90      0x550 ./Drivers/STM32H7xx_HAL_Driver/Src/stm32h7xx_hal_rcc.o
                0x08005e90                HAL_RCC_OscConfig
 .text.HAL_RCC_GetSysClockFreq
                0x080063e0      0x144 ./Drivers/STM32H7xx_HAL_Driver/Src/stm32h7xx_hal_rcc.o
                0x080063e0                HAL_RCC_GetSysClockFreq
 .text.HAL_RCC_ClockConfig
                0x08006524      0x24c ./Drivers/STM32H7xx_HAL_Driver/Src/stm32h7xx_hal_rcc.o
                0x08006524                HAL_RCC_ClockConfig
 .text.HAL_RCC_GetHCLKFreq
                0x08006770       0x44 ./Drivers/STM32H7xx_HAL_Driver/Src/stm32h7xx_hal_rcc.o
                0x08006770                HAL_RCC_GetHCLKFreq
 .text.HAL_RCC_GetPCLK1Freq
                0x080067b4       0x24 ./Drivers/STM32H7xx_HAL_Driver/Src/stm32h7xx_hal_rcc.o
                0x080067b4                HAL_RCC_GetPCLK1Freq
 .text.HAL_RCC_GetPCLK2Freq
                0x080067d8       0x24 ./Drivers/STM32H7xx_HAL_Driver/Src/stm32h7xx_hal_rcc.o
                0x080067d8                HAL_RCC_GetPCLK2Freq
 .text.RCCEx_PLL2_Config
                0x080067fc       0xec ./Drivers/STM32H7xx_HAL_Driver/Src/stm32h7xx_hal_rcc_ex.o
 .text.RCCEx_PLL3_Config
                0x080068e8       0xec ./Drivers/STM32H7xx_HAL_Driver/Src/stm32h7xx_hal_rcc_ex.o
 .text.HAL_RCCEx_PeriphCLKConfig
                0x080069d4      0x9cc ./Drivers/STM32H7xx_HAL_Driver/Src/stm32h7xx_hal_rcc_ex.o
                0x080069d4                HAL_RCCEx_PeriphCLKConfig
 .text.HAL_RCCEx_GetD3PCLK1Freq
                0x080073a0       0x24 ./Drivers/STM32H7xx_HAL_Driver/Src/stm32h7xx_hal_rcc_ex.o
                0x080073a0                HAL_RCCEx_GetD3PCLK1Freq
 .text.HAL_RCCEx_GetPLL2ClockFreq
                0x080073c4      0x154 ./Drivers/STM32H7xx_HAL_Driver/Src/stm32h7xx_hal_rcc_ex.o
                0x080073c4                HAL_RCCEx_GetPLL2ClockFreq
 .text.HAL_RCCEx_GetPLL3ClockFreq
                0x08007518      0x154 ./Drivers/STM32H7xx_HAL_Driver/Src/stm32h7xx_hal_rcc_ex.o
                0x08007518                HAL_RCCEx_GetPLL3ClockFreq
 .text.HAL_RCCEx_GetPLL1ClockFreq
                0x0800766c      0x154 ./Drivers/STM32H7xx_HAL_Driver/Src/stm32h7xx_hal_rcc_ex.o
                0x0800766c                HAL_RCCEx_GetPLL1ClockFreq
 .text.HAL_RCCEx_GetPeriphCLKFreq
                0x080077c0      0x2d0 ./Drivers/STM32H7xx_HAL_Driver/Src/stm32h7xx_hal_rcc_ex.o
                0x080077c0                HAL_RCCEx_GetPeriphCLKFreq
 .text.TIM_OC1_SetConfig
                0x08007a90       0x74 ./Drivers/STM32H7xx_HAL_Driver/Src/stm32h7xx_hal_tim.o
 .text.TIM_OC3_SetConfig
                0x08007b04       0x80 ./Drivers/STM32H7xx_HAL_Driver/Src/stm32h7xx_hal_tim.o
 .text.TIM_OC4_SetConfig
                0x08007b84       0x68 ./Drivers/STM32H7xx_HAL_Driver/Src/stm32h7xx_hal_tim.o
 .text.TIM_OC5_SetConfig
                0x08007bec       0x68 ./Drivers/STM32H7xx_HAL_Driver/Src/stm32h7xx_hal_tim.o
 .text.TIM_OC6_SetConfig
                0x08007c54       0x68 ./Drivers/STM32H7xx_HAL_Driver/Src/stm32h7xx_hal_tim.o
 .text.HAL_TIM_Base_Start
                0x08007cbc       0x74 ./Drivers/STM32H7xx_HAL_Driver/Src/stm32h7xx_hal_tim.o
                0x08007cbc                HAL_TIM_Base_Start
 .text.HAL_TIM_OC_MspInit
                0x08007d30        0x2 ./Drivers/STM32H7xx_HAL_Driver/Src/stm32h7xx_hal_tim.o
                0x08007d30                HAL_TIM_OC_MspInit
 .text.HAL_TIM_IC_MspInit
                0x08007d32        0x2 ./Drivers/STM32H7xx_HAL_Driver/Src/stm32h7xx_hal_tim.o
                0x08007d32                HAL_TIM_IC_MspInit
 .text.HAL_TIM_ReadCapturedValue
                0x08007d34       0x2c ./Drivers/STM32H7xx_HAL_Driver/Src/stm32h7xx_hal_tim.o
                0x08007d34                HAL_TIM_ReadCapturedValue
 .text.HAL_TIM_PeriodElapsedCallback
                0x08007d60        0x2 ./Drivers/STM32H7xx_HAL_Driver/Src/stm32h7xx_hal_tim.o
                0x08007d60                HAL_TIM_PeriodElapsedCallback
 .text.HAL_TIM_PWM_PulseFinishedCallback
                0x08007d62        0x2 ./Drivers/STM32H7xx_HAL_Driver/Src/stm32h7xx_hal_tim.o
                0x08007d62                HAL_TIM_PWM_PulseFinishedCallback
 .text.HAL_TIM_TriggerCallback
                0x08007d64        0x2 ./Drivers/STM32H7xx_HAL_Driver/Src/stm32h7xx_hal_tim.o
                0x08007d64                HAL_TIM_TriggerCallback
 .text.HAL_TIM_IRQHandler
                0x08007d66      0x140 ./Drivers/STM32H7xx_HAL_Driver/Src/stm32h7xx_hal_tim.o
                0x08007d66                HAL_TIM_IRQHandler
 *fill*         0x08007ea6        0x2 
 .text.TIM_Base_SetConfig
                0x08007ea8       0xa8 ./Drivers/STM32H7xx_HAL_Driver/Src/stm32h7xx_hal_tim.o
                0x08007ea8                TIM_Base_SetConfig
 .text.HAL_TIM_Base_Init
                0x08007f50       0x60 ./Drivers/STM32H7xx_HAL_Driver/Src/stm32h7xx_hal_tim.o
                0x08007f50                HAL_TIM_Base_Init
 .text.HAL_TIM_OC_Init
                0x08007fb0       0x60 ./Drivers/STM32H7xx_HAL_Driver/Src/stm32h7xx_hal_tim.o
                0x08007fb0                HAL_TIM_OC_Init
 .text.HAL_TIM_IC_Init
                0x08008010       0x60 ./Drivers/STM32H7xx_HAL_Driver/Src/stm32h7xx_hal_tim.o
                0x08008010                HAL_TIM_IC_Init
 .text.TIM_OC2_SetConfig
                0x08008070       0x80 ./Drivers/STM32H7xx_HAL_Driver/Src/stm32h7xx_hal_tim.o
                0x08008070                TIM_OC2_SetConfig
 .text.HAL_TIM_OC_ConfigChannel
                0x080080f0       0x64 ./Drivers/STM32H7xx_HAL_Driver/Src/stm32h7xx_hal_tim.o
                0x080080f0                HAL_TIM_OC_ConfigChannel
 .text.TIM_TI1_SetConfig
                0x08008154       0x70 ./Drivers/STM32H7xx_HAL_Driver/Src/stm32h7xx_hal_tim.o
                0x08008154                TIM_TI1_SetConfig
 .text.HAL_TIM_IC_ConfigChannel
                0x080081c4      0x118 ./Drivers/STM32H7xx_HAL_Driver/Src/stm32h7xx_hal_tim.o
                0x080081c4                HAL_TIM_IC_ConfigChannel
 .text.TIM_ETR_SetConfig
                0x080082dc       0x14 ./Drivers/STM32H7xx_HAL_Driver/Src/stm32h7xx_hal_tim.o
                0x080082dc                TIM_ETR_SetConfig
 .text.HAL_TIM_ConfigClockSource
                0x080082f0      0x178 ./Drivers/STM32H7xx_HAL_Driver/Src/stm32h7xx_hal_tim.o
                0x080082f0                HAL_TIM_ConfigClockSource
 .text.TIM_CCxChannelCmd
                0x08008468       0x1c ./Drivers/STM32H7xx_HAL_Driver/Src/stm32h7xx_hal_tim.o
                0x08008468                TIM_CCxChannelCmd
 .text.HAL_TIM_OC_Start
                0x08008484      0x120 ./Drivers/STM32H7xx_HAL_Driver/Src/stm32h7xx_hal_tim.o
                0x08008484                HAL_TIM_OC_Start
 .text.HAL_TIM_OC_Start_IT
                0x080085a4      0x144 ./Drivers/STM32H7xx_HAL_Driver/Src/stm32h7xx_hal_tim.o
                0x080085a4                HAL_TIM_OC_Start_IT
 .text.HAL_TIM_IC_Start_IT
                0x080086e8      0x138 ./Drivers/STM32H7xx_HAL_Driver/Src/stm32h7xx_hal_tim.o
                0x080086e8                HAL_TIM_IC_Start_IT
 .text.HAL_TIMEx_MasterConfigSynchronization
                0x08008820       0x94 ./Drivers/STM32H7xx_HAL_Driver/Src/stm32h7xx_hal_tim_ex.o
                0x08008820                HAL_TIMEx_MasterConfigSynchronization
 .text.HAL_TIMEx_ConfigBreakDeadTime
                0x080088b4       0x84 ./Drivers/STM32H7xx_HAL_Driver/Src/stm32h7xx_hal_tim_ex.o
                0x080088b4                HAL_TIMEx_ConfigBreakDeadTime
 .text.HAL_TIMEx_CommutCallback
                0x08008938        0x2 ./Drivers/STM32H7xx_HAL_Driver/Src/stm32h7xx_hal_tim_ex.o
                0x08008938                HAL_TIMEx_CommutCallback
 .text.HAL_TIMEx_BreakCallback
                0x0800893a        0x2 ./Drivers/STM32H7xx_HAL_Driver/Src/stm32h7xx_hal_tim_ex.o
                0x0800893a                HAL_TIMEx_BreakCallback
 .text.HAL_TIMEx_Break2Callback
                0x0800893c        0x2 ./Drivers/STM32H7xx_HAL_Driver/Src/stm32h7xx_hal_tim_ex.o
                0x0800893c                HAL_TIMEx_Break2Callback
 *fill*         0x0800893e        0x2 
 .text.UART_EndRxTransfer
                0x08008940       0x58 ./Drivers/STM32H7xx_HAL_Driver/Src/stm32h7xx_hal_uart.o
 .text.UART_TxISR_8BIT.part.0
                0x08008998       0x26 ./Drivers/STM32H7xx_HAL_Driver/Src/stm32h7xx_hal_uart.o
 .text.UART_TxISR_8BIT
                0x080089be       0x30 ./Drivers/STM32H7xx_HAL_Driver/Src/stm32h7xx_hal_uart.o
 .text.UART_TxISR_16BIT
                0x080089ee       0x34 ./Drivers/STM32H7xx_HAL_Driver/Src/stm32h7xx_hal_uart.o
 .text.UART_TxISR_8BIT_FIFOEN
                0x08008a22       0x66 ./Drivers/STM32H7xx_HAL_Driver/Src/stm32h7xx_hal_uart.o
 .text.UART_TxISR_16BIT_FIFOEN
                0x08008a88       0x6a ./Drivers/STM32H7xx_HAL_Driver/Src/stm32h7xx_hal_uart.o
 *fill*         0x08008af2        0x2 
 .text.HAL_UART_Transmit_IT
                0x08008af4       0xac ./Drivers/STM32H7xx_HAL_Driver/Src/stm32h7xx_hal_uart.o
                0x08008af4                HAL_UART_Transmit_IT
 .text.HAL_UART_ErrorCallback
                0x08008ba0        0x2 ./Drivers/STM32H7xx_HAL_Driver/Src/stm32h7xx_hal_uart.o
                0x08008ba0                HAL_UART_ErrorCallback
 .text.UART_DMAAbortOnError
                0x08008ba2       0x10 ./Drivers/STM32H7xx_HAL_Driver/Src/stm32h7xx_hal_uart.o
 .text.HAL_UARTEx_RxEventCallback
                0x08008bb2        0x2 ./Drivers/STM32H7xx_HAL_Driver/Src/stm32h7xx_hal_uart.o
                0x08008bb2                HAL_UARTEx_RxEventCallback
 .text.HAL_UART_IRQHandler
                0x08008bb4      0x354 ./Drivers/STM32H7xx_HAL_Driver/Src/stm32h7xx_hal_uart.o
                0x08008bb4                HAL_UART_IRQHandler
 .text.UART_RxISR_8BIT
                0x08008f08       0xcc ./Drivers/STM32H7xx_HAL_Driver/Src/stm32h7xx_hal_uart.o
 .text.UART_RxISR_16BIT
                0x08008fd4       0xc4 ./Drivers/STM32H7xx_HAL_Driver/Src/stm32h7xx_hal_uart.o
 .text.UART_RxISR_8BIT_FIFOEN
                0x08009098      0x1a0 ./Drivers/STM32H7xx_HAL_Driver/Src/stm32h7xx_hal_uart.o
 .text.UART_RxISR_16BIT_FIFOEN
                0x08009238      0x198 ./Drivers/STM32H7xx_HAL_Driver/Src/stm32h7xx_hal_uart.o
 .text.UART_SetConfig
                0x080093d0      0x2fc ./Drivers/STM32H7xx_HAL_Driver/Src/stm32h7xx_hal_uart.o
                0x080093d0                UART_SetConfig
 .text.UART_AdvFeatureConfig
                0x080096cc       0xaa ./Drivers/STM32H7xx_HAL_Driver/Src/stm32h7xx_hal_uart.o
                0x080096cc                UART_AdvFeatureConfig
 .text.UART_WaitOnFlagUntilTimeout
                0x08009776       0x90 ./Drivers/STM32H7xx_HAL_Driver/Src/stm32h7xx_hal_uart.o
                0x08009776                UART_WaitOnFlagUntilTimeout
 .text.HAL_UART_Transmit
                0x08009806       0xaa ./Drivers/STM32H7xx_HAL_Driver/Src/stm32h7xx_hal_uart.o
                0x08009806                HAL_UART_Transmit
 .text.UART_CheckIdleState
                0x080098b0       0xb6 ./Drivers/STM32H7xx_HAL_Driver/Src/stm32h7xx_hal_uart.o
                0x080098b0                UART_CheckIdleState
 .text.HAL_UART_Init
                0x08009966       0x60 ./Drivers/STM32H7xx_HAL_Driver/Src/stm32h7xx_hal_uart.o
                0x08009966                HAL_UART_Init
 *fill*         0x080099c6        0x2 
 .text.UART_Start_Receive_IT
                0x080099c8      0x114 ./Drivers/STM32H7xx_HAL_Driver/Src/stm32h7xx_hal_uart.o
                0x080099c8                UART_Start_Receive_IT
 .text.HAL_UART_Receive_IT
                0x08009adc       0x44 ./Drivers/STM32H7xx_HAL_Driver/Src/stm32h7xx_hal_uart.o
                0x08009adc                HAL_UART_Receive_IT
 .text.UARTEx_SetNbDataToProcess
                0x08009b20       0x44 ./Drivers/STM32H7xx_HAL_Driver/Src/stm32h7xx_hal_uart_ex.o
 .text.HAL_UARTEx_WakeupCallback
                0x08009b64        0x2 ./Drivers/STM32H7xx_HAL_Driver/Src/stm32h7xx_hal_uart_ex.o
                0x08009b64                HAL_UARTEx_WakeupCallback
 .text.HAL_UARTEx_RxFifoFullCallback
                0x08009b66        0x2 ./Drivers/STM32H7xx_HAL_Driver/Src/stm32h7xx_hal_uart_ex.o
                0x08009b66                HAL_UARTEx_RxFifoFullCallback
 .text.HAL_UARTEx_TxFifoEmptyCallback
                0x08009b68        0x2 ./Drivers/STM32H7xx_HAL_Driver/Src/stm32h7xx_hal_uart_ex.o
                0x08009b68                HAL_UARTEx_TxFifoEmptyCallback
 .text.HAL_UARTEx_DisableFifoMode
                0x08009b6a       0x36 ./Drivers/STM32H7xx_HAL_Driver/Src/stm32h7xx_hal_uart_ex.o
                0x08009b6a                HAL_UARTEx_DisableFifoMode
 .text.HAL_UARTEx_SetTxFifoThreshold
                0x08009ba0       0x40 ./Drivers/STM32H7xx_HAL_Driver/Src/stm32h7xx_hal_uart_ex.o
                0x08009ba0                HAL_UARTEx_SetTxFifoThreshold
 .text.HAL_UARTEx_SetRxFifoThreshold
                0x08009be0       0x40 ./Drivers/STM32H7xx_HAL_Driver/Src/stm32h7xx_hal_uart_ex.o
                0x08009be0                HAL_UARTEx_SetRxFifoThreshold
 .text.malloc   0x08009c20       0x10 C:/ST/STM32CubeIDE_1.16.1/STM32CubeIDE/plugins/com.st.stm32cube.ide.mcu.externaltools.gnu-tools-for-stm32.13.3.rel1.win32_1.0.100.202509120712/tools/bin/../lib/gcc/arm-none-eabi/13.3.1/../../../../arm-none-eabi/lib/thumb/v7e-m+dp/hard\libc_nano.a(libc_a-malloc.o)
                0x08009c20                malloc
 .text.free     0x08009c30       0x10 C:/ST/STM32CubeIDE_1.16.1/STM32CubeIDE/plugins/com.st.stm32cube.ide.mcu.externaltools.gnu-tools-for-stm32.13.3.rel1.win32_1.0.100.202509120712/tools/bin/../lib/gcc/arm-none-eabi/13.3.1/../../../../arm-none-eabi/lib/thumb/v7e-m+dp/hard\libc_nano.a(libc_a-malloc.o)
                0x08009c30                free
 .text.sbrk_aligned
                0x08009c40       0x44 C:/ST/STM32CubeIDE_1.16.1/STM32CubeIDE/plugins/com.st.stm32cube.ide.mcu.externaltools.gnu-tools-for-stm32.13.3.rel1.win32_1.0.100.202509120712/tools/bin/../lib/gcc/arm-none-eabi/13.3.1/../../../../arm-none-eabi/lib/thumb/v7e-m+dp/hard\libc_nano.a(libc_a-mallocr.o)
 .text._malloc_r
                0x08009c84      0x100 C:/ST/STM32CubeIDE_1.16.1/STM32CubeIDE/plugins/com.st.stm32cube.ide.mcu.externaltools.gnu-tools-for-stm32.13.3.rel1.win32_1.0.100.202509120712/tools/bin/../lib/gcc/arm-none-eabi/13.3.1/../../../../arm-none-eabi/lib/thumb/v7e-m+dp/hard\libc_nano.a(libc_a-mallocr.o)
                0x08009c84                _malloc_r
 .text.__malloc_lock
                0x08009d84        0xc C:/ST/STM32CubeIDE_1.16.1/STM32CubeIDE/plugins/com.st.stm32cube.ide.mcu.externaltools.gnu-tools-for-stm32.13.3.rel1.win32_1.0.100.202509120712/tools/bin/../lib/gcc/arm-none-eabi/13.3.1/../../../../arm-none-eabi/lib/thumb/v7e-m+dp/hard\libc_nano.a(libc_a-mlock.o)
                0x08009d84                __malloc_lock
 .text.__malloc_unlock
                0x08009d90        0xc C:/ST/STM32CubeIDE_1.16.1/STM32CubeIDE/plugins/com.st.stm32cube.ide.mcu.externaltools.gnu-tools-for-stm32.13.3.rel1.win32_1.0.100.202509120712/tools/bin/../lib/gcc/arm-none-eabi/13.3.1/../../../../arm-none-eabi/lib/thumb/v7e-m+dp/hard\libc_nano.a(libc_a-mlock.o)
                0x08009d90                __malloc_unlock
 .text.realloc  0x08009d9c       0x10 C:/ST/STM32CubeIDE_1.16.1/STM32CubeIDE/plugins/com.st.stm32cube.ide.mcu.externaltools.gnu-tools-for-stm32.13.3.rel1.win32_1.0.100.202509120712/tools/bin/../lib/gcc/arm-none-eabi/13.3.1/../../../../arm-none-eabi/lib/thumb/v7e-m+dp/hard\libc_nano.a(libc_a-realloc.o)
                0x08009d9c                realloc
 .text._realloc_r
                0x08009dac       0x5c C:/ST/STM32CubeIDE_1.16.1/STM32CubeIDE/plugins/com.st.stm32cube.ide.mcu.externaltools.gnu-tools-for-stm32.13.3.rel1.win32_1.0.100.202509120712/tools/bin/../lib/gcc/arm-none-eabi/13.3.1/../../../../arm-none-eabi/lib/thumb/v7e-m+dp/hard\libc_nano.a(libc_a-reallocr.o)
                0x08009dac                _realloc_r
 .text.sulp     0x08009e08       0x34 C:/ST/STM32CubeIDE_1.16.1/STM32CubeIDE/plugins/com.st.stm32cube.ide.mcu.externaltools.gnu-tools-for-stm32.13.3.rel1.win32_1.0.100.202509120712/tools/bin/../lib/gcc/arm-none-eabi/13.3.1/../../../../arm-none-eabi/lib/thumb/v7e-m+dp/hard\libc_nano.a(libc_a-strtod.o)
 *fill*         0x08009e3c        0x4 
 .text._strtod_l
                0x08009e40      0xb34 C:/ST/STM32CubeIDE_1.16.1/STM32CubeIDE/plugins/com.st.stm32cube.ide.mcu.externaltools.gnu-tools-for-stm32.13.3.rel1.win32_1.0.100.202509120712/tools/bin/../lib/gcc/arm-none-eabi/13.3.1/../../../../arm-none-eabi/lib/thumb/v7e-m+dp/hard\libc_nano.a(libc_a-strtod.o)
                0x08009e40                _strtod_l
 .text._strtod_r
                0x0800a974        0xc C:/ST/STM32CubeIDE_1.16.1/STM32CubeIDE/plugins/com.st.stm32cube.ide.mcu.externaltools.gnu-tools-for-stm32.13.3.rel1.win32_1.0.100.202509120712/tools/bin/../lib/gcc/arm-none-eabi/13.3.1/../../../../arm-none-eabi/lib/thumb/v7e-m+dp/hard\libc_nano.a(libc_a-strtod.o)
                0x0800a974                _strtod_r
 .text.__cvt    0x0800a980       0xa8 C:/ST/STM32CubeIDE_1.16.1/STM32CubeIDE/plugins/com.st.stm32cube.ide.mcu.externaltools.gnu-tools-for-stm32.13.3.rel1.win32_1.0.100.202509120712/tools/bin/../lib/gcc/arm-none-eabi/13.3.1/../../../../arm-none-eabi/lib/thumb/v7e-m+dp/hard\libc_nano.a(libc_a-nano-vfprintf_float.o)
                0x0800a980                __cvt
 .text.__exponent
                0x0800aa28       0x74 C:/ST/STM32CubeIDE_1.16.1/STM32CubeIDE/plugins/com.st.stm32cube.ide.mcu.externaltools.gnu-tools-for-stm32.13.3.rel1.win32_1.0.100.202509120712/tools/bin/../lib/gcc/arm-none-eabi/13.3.1/../../../../arm-none-eabi/lib/thumb/v7e-m+dp/hard\libc_nano.a(libc_a-nano-vfprintf_float.o)
                0x0800aa28                __exponent
 *fill*         0x0800aa9c        0x4 
 .text._printf_float
                0x0800aaa0      0x434 C:/ST/STM32CubeIDE_1.16.1/STM32CubeIDE/plugins/com.st.stm32cube.ide.mcu.externaltools.gnu-tools-for-stm32.13.3.rel1.win32_1.0.100.202509120712/tools/bin/../lib/gcc/arm-none-eabi/13.3.1/../../../../arm-none-eabi/lib/thumb/v7e-m+dp/hard\libc_nano.a(libc_a-nano-vfprintf_float.o)
                0x0800aaa0                _printf_float
 .text._printf_common
                0x0800aed4       0xda C:/ST/STM32CubeIDE_1.16.1/STM32CubeIDE/plugins/com.st.stm32cube.ide.mcu.externaltools.gnu-tools-for-stm32.13.3.rel1.win32_1.0.100.202509120712/tools/bin/../lib/gcc/arm-none-eabi/13.3.1/../../../../arm-none-eabi/lib/thumb/v7e-m+dp/hard\libc_nano.a(libc_a-nano-vfprintf_i.o)
                0x0800aed4                _printf_common
 *fill*         0x0800afae        0x2 
 .text._printf_i
                0x0800afb0      0x23c C:/ST/STM32CubeIDE_1.16.1/STM32CubeIDE/plugins/com.st.stm32cube.ide.mcu.externaltools.gnu-tools-for-stm32.13.3.rel1.win32_1.0.100.202509120712/tools/bin/../lib/gcc/arm-none-eabi/13.3.1/../../../../arm-none-eabi/lib/thumb/v7e-m+dp/hard\libc_nano.a(libc_a-nano-vfprintf_i.o)
                0x0800afb0                _printf_i
 .text._scanf_float
                0x0800b1ec      0x40c C:/ST/STM32CubeIDE_1.16.1/STM32CubeIDE/plugins/com.st.stm32cube.ide.mcu.externaltools.gnu-tools-for-stm32.13.3.rel1.win32_1.0.100.202509120712/tools/bin/../lib/gcc/arm-none-eabi/13.3.1/../../../../arm-none-eabi/lib/thumb/v7e-m+dp/hard\libc_nano.a(libc_a-nano-vfscanf_float.o)
                0x0800b1ec                _scanf_float
 .text.std      0x0800b5f8       0x6c C:/ST/STM32CubeIDE_1.16.1/STM32CubeIDE/plugins/com.st.stm32cube.ide.mcu.externaltools.gnu-tools-for-stm32.13.3.rel1.win32_1.0.100.202509120712/tools/bin/../lib/gcc/arm-none-eabi/13.3.1/../../../../arm-none-eabi/lib/thumb/v7e-m+dp/hard\libc_nano.a(libc_a-findfp.o)
 .text.stdio_exit_handler
                0x0800b664       0x18 C:/ST/STM32CubeIDE_1.16.1/STM32CubeIDE/plugins/com.st.stm32cube.ide.mcu.externaltools.gnu-tools-for-stm32.13.3.rel1.win32_1.0.100.202509120712/tools/bin/../lib/gcc/arm-none-eabi/13.3.1/../../../../arm-none-eabi/lib/thumb/v7e-m+dp/hard\libc_nano.a(libc_a-findfp.o)
 .text.cleanup_stdio
                0x0800b67c       0x40 C:/ST/STM32CubeIDE_1.16.1/STM32CubeIDE/plugins/com.st.stm32cube.ide.mcu.externaltools.gnu-tools-for-stm32.13.3.rel1.win32_1.0.100.202509120712/tools/bin/../lib/gcc/arm-none-eabi/13.3.1/../../../../arm-none-eabi/lib/thumb/v7e-m+dp/hard\libc_nano.a(libc_a-findfp.o)
 .text.global_stdio_init.part.0
                0x0800b6bc       0x3c C:/ST/STM32CubeIDE_1.16.1/STM32CubeIDE/plugins/com.st.stm32cube.ide.mcu.externaltools.gnu-tools-for-stm32.13.3.rel1.win32_1.0.100.202509120712/tools/bin/../lib/gcc/arm-none-eabi/13.3.1/../../../../arm-none-eabi/lib/thumb/v7e-m+dp/hard\libc_nano.a(libc_a-findfp.o)
 .text.__sfp_lock_acquire
                0x0800b6f8        0xc C:/ST/STM32CubeIDE_1.16.1/STM32CubeIDE/plugins/com.st.stm32cube.ide.mcu.externaltools.gnu-tools-for-stm32.13.3.rel1.win32_1.0.100.202509120712/tools/bin/../lib/gcc/arm-none-eabi/13.3.1/../../../../arm-none-eabi/lib/thumb/v7e-m+dp/hard\libc_nano.a(libc_a-findfp.o)
                0x0800b6f8                __sfp_lock_acquire
 .text.__sfp_lock_release
                0x0800b704        0xc C:/ST/STM32CubeIDE_1.16.1/STM32CubeIDE/plugins/com.st.stm32cube.ide.mcu.externaltools.gnu-tools-for-stm32.13.3.rel1.win32_1.0.100.202509120712/tools/bin/../lib/gcc/arm-none-eabi/13.3.1/../../../../arm-none-eabi/lib/thumb/v7e-m+dp/hard\libc_nano.a(libc_a-findfp.o)
                0x0800b704                __sfp_lock_release
 .text.__sinit  0x0800b710       0x30 C:/ST/STM32CubeIDE_1.16.1/STM32CubeIDE/plugins/com.st.stm32cube.ide.mcu.externaltools.gnu-tools-for-stm32.13.3.rel1.win32_1.0.100.202509120712/tools/bin/../lib/gcc/arm-none-eabi/13.3.1/../../../../arm-none-eabi/lib/thumb/v7e-m+dp/hard\libc_nano.a(libc_a-findfp.o)
                0x0800b710                __sinit
 .text._fwalk_sglue
                0x0800b740       0x3c C:/ST/STM32CubeIDE_1.16.1/STM32CubeIDE/plugins/com.st.stm32cube.ide.mcu.externaltools.gnu-tools-for-stm32.13.3.rel1.win32_1.0.100.202509120712/tools/bin/../lib/gcc/arm-none-eabi/13.3.1/../../../../arm-none-eabi/lib/thumb/v7e-m+dp/hard\libc_nano.a(libc_a-fwalk.o)
                0x0800b740                _fwalk_sglue
 .text.printf   0x0800b77c       0x24 C:/ST/STM32CubeIDE_1.16.1/STM32CubeIDE/plugins/com.st.stm32cube.ide.mcu.externaltools.gnu-tools-for-stm32.13.3.rel1.win32_1.0.100.202509120712/tools/bin/../lib/gcc/arm-none-eabi/13.3.1/../../../../arm-none-eabi/lib/thumb/v7e-m+dp/hard\libc_nano.a(libc_a-printf.o)
                0x0800b77c                iprintf
                0x0800b77c                printf
 .text._puts_r  0x0800b7a0       0xaa C:/ST/STM32CubeIDE_1.16.1/STM32CubeIDE/plugins/com.st.stm32cube.ide.mcu.externaltools.gnu-tools-for-stm32.13.3.rel1.win32_1.0.100.202509120712/tools/bin/../lib/gcc/arm-none-eabi/13.3.1/../../../../arm-none-eabi/lib/thumb/v7e-m+dp/hard\libc_nano.a(libc_a-puts.o)
                0x0800b7a0                _puts_r
 *fill*         0x0800b84a        0x2 
 .text.puts     0x0800b84c       0x10 C:/ST/STM32CubeIDE_1.16.1/STM32CubeIDE/plugins/com.st.stm32cube.ide.mcu.externaltools.gnu-tools-for-stm32.13.3.rel1.win32_1.0.100.202509120712/tools/bin/../lib/gcc/arm-none-eabi/13.3.1/../../../../arm-none-eabi/lib/thumb/v7e-m+dp/hard\libc_nano.a(libc_a-puts.o)
                0x0800b84c                puts
 .text.snprintf
                0x0800b85c       0x6c C:/ST/STM32CubeIDE_1.16.1/STM32CubeIDE/plugins/com.st.stm32cube.ide.mcu.externaltools.gnu-tools-for-stm32.13.3.rel1.win32_1.0.100.202509120712/tools/bin/../lib/gcc/arm-none-eabi/13.3.1/../../../../arm-none-eabi/lib/thumb/v7e-m+dp/hard\libc_nano.a(libc_a-snprintf.o)
                0x0800b85c                sniprintf
                0x0800b85c                snprintf
 .text.sprintf  0x0800b8c8       0x44 C:/ST/STM32CubeIDE_1.16.1/STM32CubeIDE/plugins/com.st.stm32cube.ide.mcu.externaltools.gnu-tools-for-stm32.13.3.rel1.win32_1.0.100.202509120712/tools/bin/../lib/gcc/arm-none-eabi/13.3.1/../../../../arm-none-eabi/lib/thumb/v7e-m+dp/hard\libc_nano.a(libc_a-sprintf.o)
                0x0800b8c8                siprintf
                0x0800b8c8                sprintf
 .text.sscanf   0x0800b90c       0x58 C:/ST/STM32CubeIDE_1.16.1/STM32CubeIDE/plugins/com.st.stm32cube.ide.mcu.externaltools.gnu-tools-for-stm32.13.3.rel1.win32_1.0.100.202509120712/tools/bin/../lib/gcc/arm-none-eabi/13.3.1/../../../../arm-none-eabi/lib/thumb/v7e-m+dp/hard\libc_nano.a(libc_a-sscanf.o)
                0x0800b90c                siscanf
                0x0800b90c                sscanf
 .text.__sread  0x0800b964       0x22 C:/ST/STM32CubeIDE_1.16.1/STM32CubeIDE/plugins/com.st.stm32cube.ide.mcu.externaltools.gnu-tools-for-stm32.13.3.rel1.win32_1.0.100.202509120712/tools/bin/../lib/gcc/arm-none-eabi/13.3.1/../../../../arm-none-eabi/lib/thumb/v7e-m+dp/hard\libc_nano.a(libc_a-stdio.o)
                0x0800b964                __sread
 .text.__seofread
                0x0800b986        0x4 C:/ST/STM32CubeIDE_1.16.1/STM32CubeIDE/plugins/com.st.stm32cube.ide.mcu.externaltools.gnu-tools-for-stm32.13.3.rel1.win32_1.0.100.202509120712/tools/bin/../lib/gcc/arm-none-eabi/13.3.1/../../../../arm-none-eabi/lib/thumb/v7e-m+dp/hard\libc_nano.a(libc_a-stdio.o)
                0x0800b986                __seofread
 .text.__swrite
                0x0800b98a       0x38 C:/ST/STM32CubeIDE_1.16.1/STM32CubeIDE/plugins/com.st.stm32cube.ide.mcu.externaltools.gnu-tools-for-stm32.13.3.rel1.win32_1.0.100.202509120712/tools/bin/../lib/gcc/arm-none-eabi/13.3.1/../../../../arm-none-eabi/lib/thumb/v7e-m+dp/hard\libc_nano.a(libc_a-stdio.o)
                0x0800b98a                __swrite
 .text.__sseek  0x0800b9c2       0x24 C:/ST/STM32CubeIDE_1.16.1/STM32CubeIDE/plugins/com.st.stm32cube.ide.mcu.externaltools.gnu-tools-for-stm32.13.3.rel1.win32_1.0.100.202509120712/tools/bin/../lib/gcc/arm-none-eabi/13.3.1/../../../../arm-none-eabi/lib/thumb/v7e-m+dp/hard\libc_nano.a(libc_a-stdio.o)
                0x0800b9c2                __sseek
 .text.__sclose
                0x0800b9e6        0x8 C:/ST/STM32CubeIDE_1.16.1/STM32CubeIDE/plugins/com.st.stm32cube.ide.mcu.externaltools.gnu-tools-for-stm32.13.3.rel1.win32_1.0.100.202509120712/tools/bin/../lib/gcc/arm-none-eabi/13.3.1/../../../../arm-none-eabi/lib/thumb/v7e-m+dp/hard\libc_nano.a(libc_a-stdio.o)
                0x0800b9e6                __sclose
 .text.__swbuf_r
                0x0800b9ee       0x7c C:/ST/STM32CubeIDE_1.16.1/STM32CubeIDE/plugins/com.st.stm32cube.ide.mcu.externaltools.gnu-tools-for-stm32.13.3.rel1.win32_1.0.100.202509120712/tools/bin/../lib/gcc/arm-none-eabi/13.3.1/../../../../arm-none-eabi/lib/thumb/v7e-m+dp/hard\libc_nano.a(libc_a-wbuf.o)
                0x0800b9ee                __swbuf_r
 *fill*         0x0800ba6a        0x2 
 .text.__swsetup_r
                0x0800ba6c       0xac C:/ST/STM32CubeIDE_1.16.1/STM32CubeIDE/plugins/com.st.stm32cube.ide.mcu.externaltools.gnu-tools-for-stm32.13.3.rel1.win32_1.0.100.202509120712/tools/bin/../lib/gcc/arm-none-eabi/13.3.1/../../../../arm-none-eabi/lib/thumb/v7e-m+dp/hard\libc_nano.a(libc_a-wsetup.o)
                0x0800ba6c                __swsetup_r
 .text.memset   0x0800bb18       0x10 C:/ST/STM32CubeIDE_1.16.1/STM32CubeIDE/plugins/com.st.stm32cube.ide.mcu.externaltools.gnu-tools-for-stm32.13.3.rel1.win32_1.0.100.202509120712/tools/bin/../lib/gcc/arm-none-eabi/13.3.1/../../../../arm-none-eabi/lib/thumb/v7e-m+dp/hard\libc_nano.a(libc_a-memset.o)
                0x0800bb18                memset
 .text.strchr   0x0800bb28       0x1a C:/ST/STM32CubeIDE_1.16.1/STM32CubeIDE/plugins/com.st.stm32cube.ide.mcu.externaltools.gnu-tools-for-stm32.13.3.rel1.win32_1.0.100.202509120712/tools/bin/../lib/gcc/arm-none-eabi/13.3.1/../../../../arm-none-eabi/lib/thumb/v7e-m+dp/hard\libc_nano.a(libc_a-strchr.o)
                0x0800bb28                strchr
 .text.strncmp  0x0800bb42       0x24 C:/ST/STM32CubeIDE_1.16.1/STM32CubeIDE/plugins/com.st.stm32cube.ide.mcu.externaltools.gnu-tools-for-stm32.13.3.rel1.win32_1.0.100.202509120712/tools/bin/../lib/gcc/arm-none-eabi/13.3.1/../../../../arm-none-eabi/lib/thumb/v7e-m+dp/hard\libc_nano.a(libc_a-strncmp.o)
                0x0800bb42                strncmp
 .text.strncpy  0x0800bb66       0x26 C:/ST/STM32CubeIDE_1.16.1/STM32CubeIDE/plugins/com.st.stm32cube.ide.mcu.externaltools.gnu-tools-for-stm32.13.3.rel1.win32_1.0.100.202509120712/tools/bin/../lib/gcc/arm-none-eabi/13.3.1/../../../../arm-none-eabi/lib/thumb/v7e-m+dp/hard\libc_nano.a(libc_a-strncpy.o)
                0x0800bb66                strncpy
 .text.strstr   0x0800bb8c       0x2c C:/ST/STM32CubeIDE_1.16.1/STM32CubeIDE/plugins/com.st.stm32cube.ide.mcu.externaltools.gnu-tools-for-stm32.13.3.rel1.win32_1.0.100.202509120712/tools/bin/../lib/gcc/arm-none-eabi/13.3.1/../../../../arm-none-eabi/lib/thumb/v7e-m+dp/hard\libc_nano.a(libc_a-strstr.o)
                0x0800bb8c                strstr
 .text._localeconv_r
                0x0800bbb8        0x8 C:/ST/STM32CubeIDE_1.16.1/STM32CubeIDE/plugins/com.st.stm32cube.ide.mcu.externaltools.gnu-tools-for-stm32.13.3.rel1.win32_1.0.100.202509120712/tools/bin/../lib/gcc/arm-none-eabi/13.3.1/../../../../arm-none-eabi/lib/thumb/v7e-m+dp/hard\libc_nano.a(libc_a-localeconv.o)
                0x0800bbb8                _localeconv_r
 .text._close_r
                0x0800bbc0       0x20 C:/ST/STM32CubeIDE_1.16.1/STM32CubeIDE/plugins/com.st.stm32cube.ide.mcu.externaltools.gnu-tools-for-stm32.13.3.rel1.win32_1.0.100.202509120712/tools/bin/../lib/gcc/arm-none-eabi/13.3.1/../../../../arm-none-eabi/lib/thumb/v7e-m+dp/hard\libc_nano.a(libc_a-closer.o)
                0x0800bbc0                _close_r
 .text._lseek_r
                0x0800bbe0       0x24 C:/ST/STM32CubeIDE_1.16.1/STM32CubeIDE/plugins/com.st.stm32cube.ide.mcu.externaltools.gnu-tools-for-stm32.13.3.rel1.win32_1.0.100.202509120712/tools/bin/../lib/gcc/arm-none-eabi/13.3.1/../../../../arm-none-eabi/lib/thumb/v7e-m+dp/hard\libc_nano.a(libc_a-lseekr.o)
                0x0800bbe0                _lseek_r
 .text._read_r  0x0800bc04       0x24 C:/ST/STM32CubeIDE_1.16.1/STM32CubeIDE/plugins/com.st.stm32cube.ide.mcu.externaltools.gnu-tools-for-stm32.13.3.rel1.win32_1.0.100.202509120712/tools/bin/../lib/gcc/arm-none-eabi/13.3.1/../../../../arm-none-eabi/lib/thumb/v7e-m+dp/hard\libc_nano.a(libc_a-readr.o)
                0x0800bc04                _read_r
 .text._sbrk_r  0x0800bc28       0x20 C:/ST/STM32CubeIDE_1.16.1/STM32CubeIDE/plugins/com.st.stm32cube.ide.mcu.externaltools.gnu-tools-for-stm32.13.3.rel1.win32_1.0.100.202509120712/tools/bin/../lib/gcc/arm-none-eabi/13.3.1/../../../../arm-none-eabi/lib/thumb/v7e-m+dp/hard\libc_nano.a(libc_a-sbrkr.o)
                0x0800bc28                _sbrk_r
 .text._write_r
                0x0800bc48       0x24 C:/ST/STM32CubeIDE_1.16.1/STM32CubeIDE/plugins/com.st.stm32cube.ide.mcu.externaltools.gnu-tools-for-stm32.13.3.rel1.win32_1.0.100.202509120712/tools/bin/../lib/gcc/arm-none-eabi/13.3.1/../../../../arm-none-eabi/lib/thumb/v7e-m+dp/hard\libc_nano.a(libc_a-writer.o)
                0x0800bc48                _write_r
 .text.__errno  0x0800bc6c        0xc C:/ST/STM32CubeIDE_1.16.1/STM32CubeIDE/plugins/com.st.stm32cube.ide.mcu.externaltools.gnu-tools-for-stm32.13.3.rel1.win32_1.0.100.202509120712/tools/bin/../lib/gcc/arm-none-eabi/13.3.1/../../../../arm-none-eabi/lib/thumb/v7e-m+dp/hard\libc_nano.a(libc_a-errno.o)
                0x0800bc6c                __errno
 .text.__libc_init_array
                0x0800bc78       0x48 C:/ST/STM32CubeIDE_1.16.1/STM32CubeIDE/plugins/com.st.stm32cube.ide.mcu.externaltools.gnu-tools-for-stm32.13.3.rel1.win32_1.0.100.202509120712/tools/bin/../lib/gcc/arm-none-eabi/13.3.1/../../../../arm-none-eabi/lib/thumb/v7e-m+dp/hard\libc_nano.a(libc_a-init.o)
                0x0800bc78                __libc_init_array
 .text.__retarget_lock_init_recursive
                0x0800bcc0        0x2 C:/ST/STM32CubeIDE_1.16.1/STM32CubeIDE/plugins/com.st.stm32cube.ide.mcu.externaltools.gnu-tools-for-stm32.13.3.rel1.win32_1.0.100.202509120712/tools/bin/../lib/gcc/arm-none-eabi/13.3.1/../../../../arm-none-eabi/lib/thumb/v7e-m+dp/hard\libc_nano.a(libc_a-lock.o)
                0x0800bcc0                __retarget_lock_init_recursive
 .text.__retarget_lock_acquire_recursive
                0x0800bcc2        0x2 C:/ST/STM32CubeIDE_1.16.1/STM32CubeIDE/plugins/com.st.stm32cube.ide.mcu.externaltools.gnu-tools-for-stm32.13.3.rel1.win32_1.0.100.202509120712/tools/bin/../lib/gcc/arm-none-eabi/13.3.1/../../../../arm-none-eabi/lib/thumb/v7e-m+dp/hard\libc_nano.a(libc_a-lock.o)
                0x0800bcc2                __retarget_lock_acquire_recursive
 .text.__retarget_lock_release_recursive
                0x0800bcc4        0x2 C:/ST/STM32CubeIDE_1.16.1/STM32CubeIDE/plugins/com.st.stm32cube.ide.mcu.externaltools.gnu-tools-for-stm32.13.3.rel1.win32_1.0.100.202509120712/tools/bin/../lib/gcc/arm-none-eabi/13.3.1/../../../../arm-none-eabi/lib/thumb/v7e-m+dp/hard\libc_nano.a(libc_a-lock.o)
                0x0800bcc4                __retarget_lock_release_recursive
 .text.strcpy   0x0800bcc6       0x10 C:/ST/STM32CubeIDE_1.16.1/STM32CubeIDE/plugins/com.st.stm32cube.ide.mcu.externaltools.gnu-tools-for-stm32.13.3.rel1.win32_1.0.100.202509120712/tools/bin/../lib/gcc/arm-none-eabi/13.3.1/../../../../arm-none-eabi/lib/thumb/v7e-m+dp/hard\libc_nano.a(libc_a-strcpy.o)
                0x0800bcc6                strcpy
 .text.memcpy   0x0800bcd6       0x1c C:/ST/STM32CubeIDE_1.16.1/STM32CubeIDE/plugins/com.st.stm32cube.ide.mcu.externaltools.gnu-tools-for-stm32.13.3.rel1.win32_1.0.100.202509120712/tools/bin/../lib/gcc/arm-none-eabi/13.3.1/../../../../arm-none-eabi/lib/thumb/v7e-m+dp/hard\libc_nano.a(libc_a-memcpy-stub.o)
                0x0800bcd6                memcpy
 *fill*         0x0800bcf2        0x6 
 .text.nan      0x0800bcf8       0x10 C:/ST/STM32CubeIDE_1.16.1/STM32CubeIDE/plugins/com.st.stm32cube.ide.mcu.externaltools.gnu-tools-for-stm32.13.3.rel1.win32_1.0.100.202509120712/tools/bin/../lib/gcc/arm-none-eabi/13.3.1/../../../../arm-none-eabi/lib/thumb/v7e-m+dp/hard\libc_nano.a(libm_a-s_nan.o)
                0x0800bcf8                nan
 .text.nanf     0x0800bd08        0xc C:/ST/STM32CubeIDE_1.16.1/STM32CubeIDE/plugins/com.st.stm32cube.ide.mcu.externaltools.gnu-tools-for-stm32.13.3.rel1.win32_1.0.100.202509120712/tools/bin/../lib/gcc/arm-none-eabi/13.3.1/../../../../arm-none-eabi/lib/thumb/v7e-m+dp/hard\libc_nano.a(libm_a-sf_nan.o)
                0x0800bd08                nanf
 .text.quorem   0x0800bd14      0x110 C:/ST/STM32CubeIDE_1.16.1/STM32CubeIDE/plugins/com.st.stm32cube.ide.mcu.externaltools.gnu-tools-for-stm32.13.3.rel1.win32_1.0.100.202509120712/tools/bin/../lib/gcc/arm-none-eabi/13.3.1/../../../../arm-none-eabi/lib/thumb/v7e-m+dp/hard\libc_nano.a(libc_a-dtoa.o)
 *fill*         0x0800be24        0x4 
 .text._dtoa_r  0x0800be28      0xabc C:/ST/STM32CubeIDE_1.16.1/STM32CubeIDE/plugins/com.st.stm32cube.ide.mcu.externaltools.gnu-tools-for-stm32.13.3.rel1.win32_1.0.100.202509120712/tools/bin/../lib/gcc/arm-none-eabi/13.3.1/../../../../arm-none-eabi/lib/thumb/v7e-m+dp/hard\libc_nano.a(libc_a-dtoa.o)
                0x0800be28                _dtoa_r
 .text._free_r  0x0800c8e4       0x94 C:/ST/STM32CubeIDE_1.16.1/STM32CubeIDE/plugins/com.st.stm32cube.ide.mcu.externaltools.gnu-tools-for-stm32.13.3.rel1.win32_1.0.100.202509120712/tools/bin/../lib/gcc/arm-none-eabi/13.3.1/../../../../arm-none-eabi/lib/thumb/v7e-m+dp/hard\libc_nano.a(libc_a-freer.o)
                0x0800c8e4                _free_r
 .text.rshift   0x0800c978       0xa4 C:/ST/STM32CubeIDE_1.16.1/STM32CubeIDE/plugins/com.st.stm32cube.ide.mcu.externaltools.gnu-tools-for-stm32.13.3.rel1.win32_1.0.100.202509120712/tools/bin/../lib/gcc/arm-none-eabi/13.3.1/../../../../arm-none-eabi/lib/thumb/v7e-m+dp/hard\libc_nano.a(libc_a-gdtoa-gethex.o)
 .text.__hexdig_fun
                0x0800ca1c       0x2a C:/ST/STM32CubeIDE_1.16.1/STM32CubeIDE/plugins/com.st.stm32cube.ide.mcu.externaltools.gnu-tools-for-stm32.13.3.rel1.win32_1.0.100.202509120712/tools/bin/../lib/gcc/arm-none-eabi/13.3.1/../../../../arm-none-eabi/lib/thumb/v7e-m+dp/hard\libc_nano.a(libc_a-gdtoa-gethex.o)
                0x0800ca1c                __hexdig_fun
 *fill*         0x0800ca46        0x2 
 .text.__gethex
                0x0800ca48      0x420 C:/ST/STM32CubeIDE_1.16.1/STM32CubeIDE/plugins/com.st.stm32cube.ide.mcu.externaltools.gnu-tools-for-stm32.13.3.rel1.win32_1.0.100.202509120712/tools/bin/../lib/gcc/arm-none-eabi/13.3.1/../../../../arm-none-eabi/lib/thumb/v7e-m+dp/hard\libc_nano.a(libc_a-gdtoa-gethex.o)
                0x0800ca48                __gethex
 .text.L_shift  0x0800ce68       0x24 C:/ST/STM32CubeIDE_1.16.1/STM32CubeIDE/plugins/com.st.stm32cube.ide.mcu.externaltools.gnu-tools-for-stm32.13.3.rel1.win32_1.0.100.202509120712/tools/bin/../lib/gcc/arm-none-eabi/13.3.1/../../../../arm-none-eabi/lib/thumb/v7e-m+dp/hard\libc_nano.a(libc_a-gdtoa-hexnan.o)
 .text.__match  0x0800ce8c       0x28 C:/ST/STM32CubeIDE_1.16.1/STM32CubeIDE/plugins/com.st.stm32cube.ide.mcu.externaltools.gnu-tools-for-stm32.13.3.rel1.win32_1.0.100.202509120712/tools/bin/../lib/gcc/arm-none-eabi/13.3.1/../../../../arm-none-eabi/lib/thumb/v7e-m+dp/hard\libc_nano.a(libc_a-gdtoa-hexnan.o)
                0x0800ce8c                __match
 .text.__hexnan
                0x0800ceb4      0x136 C:/ST/STM32CubeIDE_1.16.1/STM32CubeIDE/plugins/com.st.stm32cube.ide.mcu.externaltools.gnu-tools-for-stm32.13.3.rel1.win32_1.0.100.202509120712/tools/bin/../lib/gcc/arm-none-eabi/13.3.1/../../../../arm-none-eabi/lib/thumb/v7e-m+dp/hard\libc_nano.a(libc_a-gdtoa-hexnan.o)
                0x0800ceb4                __hexnan
 .text.__ascii_mbtowc
                0x0800cfea       0x24 C:/ST/STM32CubeIDE_1.16.1/STM32CubeIDE/plugins/com.st.stm32cube.ide.mcu.externaltools.gnu-tools-for-stm32.13.3.rel1.win32_1.0.100.202509120712/tools/bin/../lib/gcc/arm-none-eabi/13.3.1/../../../../arm-none-eabi/lib/thumb/v7e-m+dp/hard\libc_nano.a(libc_a-mbtowc_r.o)
                0x0800cfea                __ascii_mbtowc
 *fill*         0x0800d00e        0x2 
 .text._Balloc  0x0800d010       0x80 C:/ST/STM32CubeIDE_1.16.1/STM32CubeIDE/plugins/com.st.stm32cube.ide.mcu.externaltools.gnu-tools-for-stm32.13.3.rel1.win32_1.0.100.202509120712/tools/bin/../lib/gcc/arm-none-eabi/13.3.1/../../../../arm-none-eabi/lib/thumb/v7e-m+dp/hard\libc_nano.a(libc_a-mprec.o)
                0x0800d010                _Balloc
 .text._Bfree   0x0800d090       0x44 C:/ST/STM32CubeIDE_1.16.1/STM32CubeIDE/plugins/com.st.stm32cube.ide.mcu.externaltools.gnu-tools-for-stm32.13.3.rel1.win32_1.0.100.202509120712/tools/bin/../lib/gcc/arm-none-eabi/13.3.1/../../../../arm-none-eabi/lib/thumb/v7e-m+dp/hard\libc_nano.a(libc_a-mprec.o)
                0x0800d090                _Bfree
 .text.__multadd
                0x0800d0d4       0x8c C:/ST/STM32CubeIDE_1.16.1/STM32CubeIDE/plugins/com.st.stm32cube.ide.mcu.externaltools.gnu-tools-for-stm32.13.3.rel1.win32_1.0.100.202509120712/tools/bin/../lib/gcc/arm-none-eabi/13.3.1/../../../../arm-none-eabi/lib/thumb/v7e-m+dp/hard\libc_nano.a(libc_a-mprec.o)
                0x0800d0d4                __multadd
 .text.__s2b    0x0800d160       0x94 C:/ST/STM32CubeIDE_1.16.1/STM32CubeIDE/plugins/com.st.stm32cube.ide.mcu.externaltools.gnu-tools-for-stm32.13.3.rel1.win32_1.0.100.202509120712/tools/bin/../lib/gcc/arm-none-eabi/13.3.1/../../../../arm-none-eabi/lib/thumb/v7e-m+dp/hard\libc_nano.a(libc_a-mprec.o)
                0x0800d160                __s2b
 .text.__hi0bits
                0x0800d1f4       0x3e C:/ST/STM32CubeIDE_1.16.1/STM32CubeIDE/plugins/com.st.stm32cube.ide.mcu.externaltools.gnu-tools-for-stm32.13.3.rel1.win32_1.0.100.202509120712/tools/bin/../lib/gcc/arm-none-eabi/13.3.1/../../../../arm-none-eabi/lib/thumb/v7e-m+dp/hard\libc_nano.a(libc_a-mprec.o)
                0x0800d1f4                __hi0bits
 .text.__lo0bits
                0x0800d232       0x5a C:/ST/STM32CubeIDE_1.16.1/STM32CubeIDE/plugins/com.st.stm32cube.ide.mcu.externaltools.gnu-tools-for-stm32.13.3.rel1.win32_1.0.100.202509120712/tools/bin/../lib/gcc/arm-none-eabi/13.3.1/../../../../arm-none-eabi/lib/thumb/v7e-m+dp/hard\libc_nano.a(libc_a-mprec.o)
                0x0800d232                __lo0bits
 .text.__i2b    0x0800d28c       0x2c C:/ST/STM32CubeIDE_1.16.1/STM32CubeIDE/plugins/com.st.stm32cube.ide.mcu.externaltools.gnu-tools-for-stm32.13.3.rel1.win32_1.0.100.202509120712/tools/bin/../lib/gcc/arm-none-eabi/13.3.1/../../../../arm-none-eabi/lib/thumb/v7e-m+dp/hard\libc_nano.a(libc_a-mprec.o)
                0x0800d28c                __i2b
 .text.__multiply
                0x0800d2b8      0x144 C:/ST/STM32CubeIDE_1.16.1/STM32CubeIDE/plugins/com.st.stm32cube.ide.mcu.externaltools.gnu-tools-for-stm32.13.3.rel1.win32_1.0.100.202509120712/tools/bin/../lib/gcc/arm-none-eabi/13.3.1/../../../../arm-none-eabi/lib/thumb/v7e-m+dp/hard\libc_nano.a(libc_a-mprec.o)
                0x0800d2b8                __multiply
 .text.__pow5mult
                0x0800d3fc       0xb4 C:/ST/STM32CubeIDE_1.16.1/STM32CubeIDE/plugins/com.st.stm32cube.ide.mcu.externaltools.gnu-tools-for-stm32.13.3.rel1.win32_1.0.100.202509120712/tools/bin/../lib/gcc/arm-none-eabi/13.3.1/../../../../arm-none-eabi/lib/thumb/v7e-m+dp/hard\libc_nano.a(libc_a-mprec.o)
                0x0800d3fc                __pow5mult
 .text.__lshift
                0x0800d4b0       0xd8 C:/ST/STM32CubeIDE_1.16.1/STM32CubeIDE/plugins/com.st.stm32cube.ide.mcu.externaltools.gnu-tools-for-stm32.13.3.rel1.win32_1.0.100.202509120712/tools/bin/../lib/gcc/arm-none-eabi/13.3.1/../../../../arm-none-eabi/lib/thumb/v7e-m+dp/hard\libc_nano.a(libc_a-mprec.o)
                0x0800d4b0                __lshift
 .text.__mcmp   0x0800d588       0x36 C:/ST/STM32CubeIDE_1.16.1/STM32CubeIDE/plugins/com.st.stm32cube.ide.mcu.externaltools.gnu-tools-for-stm32.13.3.rel1.win32_1.0.100.202509120712/tools/bin/../lib/gcc/arm-none-eabi/13.3.1/../../../../arm-none-eabi/lib/thumb/v7e-m+dp/hard\libc_nano.a(libc_a-mprec.o)
                0x0800d588                __mcmp
 *fill*         0x0800d5be        0x2 
 .text.__mdiff  0x0800d5c0      0x128 C:/ST/STM32CubeIDE_1.16.1/STM32CubeIDE/plugins/com.st.stm32cube.ide.mcu.externaltools.gnu-tools-for-stm32.13.3.rel1.win32_1.0.100.202509120712/tools/bin/../lib/gcc/arm-none-eabi/13.3.1/../../../../arm-none-eabi/lib/thumb/v7e-m+dp/hard\libc_nano.a(libc_a-mprec.o)
                0x0800d5c0                __mdiff
 .text.__ulp    0x0800d6e8       0x4c C:/ST/STM32CubeIDE_1.16.1/STM32CubeIDE/plugins/com.st.stm32cube.ide.mcu.externaltools.gnu-tools-for-stm32.13.3.rel1.win32_1.0.100.202509120712/tools/bin/../lib/gcc/arm-none-eabi/13.3.1/../../../../arm-none-eabi/lib/thumb/v7e-m+dp/hard\libc_nano.a(libc_a-mprec.o)
                0x0800d6e8                __ulp
 .text.__b2d    0x0800d734       0x94 C:/ST/STM32CubeIDE_1.16.1/STM32CubeIDE/plugins/com.st.stm32cube.ide.mcu.externaltools.gnu-tools-for-stm32.13.3.rel1.win32_1.0.100.202509120712/tools/bin/../lib/gcc/arm-none-eabi/13.3.1/../../../../arm-none-eabi/lib/thumb/v7e-m+dp/hard\libc_nano.a(libc_a-mprec.o)
                0x0800d734                __b2d
 .text.__d2b    0x0800d7c8       0xb0 C:/ST/STM32CubeIDE_1.16.1/STM32CubeIDE/plugins/com.st.stm32cube.ide.mcu.externaltools.gnu-tools-for-stm32.13.3.rel1.win32_1.0.100.202509120712/tools/bin/../lib/gcc/arm-none-eabi/13.3.1/../../../../arm-none-eabi/lib/thumb/v7e-m+dp/hard\libc_nano.a(libc_a-mprec.o)
                0x0800d7c8                __d2b
 .text.__ratio  0x0800d878       0x5e C:/ST/STM32CubeIDE_1.16.1/STM32CubeIDE/plugins/com.st.stm32cube.ide.mcu.externaltools.gnu-tools-for-stm32.13.3.rel1.win32_1.0.100.202509120712/tools/bin/../lib/gcc/arm-none-eabi/13.3.1/../../../../arm-none-eabi/lib/thumb/v7e-m+dp/hard\libc_nano.a(libc_a-mprec.o)
                0x0800d878                __ratio
 .text.__copybits
                0x0800d8d6       0x46 C:/ST/STM32CubeIDE_1.16.1/STM32CubeIDE/plugins/com.st.stm32cube.ide.mcu.externaltools.gnu-tools-for-stm32.13.3.rel1.win32_1.0.100.202509120712/tools/bin/../lib/gcc/arm-none-eabi/13.3.1/../../../../arm-none-eabi/lib/thumb/v7e-m+dp/hard\libc_nano.a(libc_a-mprec.o)
                0x0800d8d6                __copybits
 .text.__any_on
                0x0800d91c       0x42 C:/ST/STM32CubeIDE_1.16.1/STM32CubeIDE/plugins/com.st.stm32cube.ide.mcu.externaltools.gnu-tools-for-stm32.13.3.rel1.win32_1.0.100.202509120712/tools/bin/../lib/gcc/arm-none-eabi/13.3.1/../../../../arm-none-eabi/lib/thumb/v7e-m+dp/hard\libc_nano.a(libc_a-mprec.o)
                0x0800d91c                __any_on
 .text._malloc_usable_size_r
                0x0800d95e       0x10 C:/ST/STM32CubeIDE_1.16.1/STM32CubeIDE/plugins/com.st.stm32cube.ide.mcu.externaltools.gnu-tools-for-stm32.13.3.rel1.win32_1.0.100.202509120712/tools/bin/../lib/gcc/arm-none-eabi/13.3.1/../../../../arm-none-eabi/lib/thumb/v7e-m+dp/hard\libc_nano.a(libc_a-msizer.o)
                0x0800d95e                _malloc_usable_size_r
 *fill*         0x0800d96e        0x2 
 .text._strtol_l.isra.0
                0x0800d970       0xf4 C:/ST/STM32CubeIDE_1.16.1/STM32CubeIDE/plugins/com.st.stm32cube.ide.mcu.externaltools.gnu-tools-for-stm32.13.3.rel1.win32_1.0.100.202509120712/tools/bin/../lib/gcc/arm-none-eabi/13.3.1/../../../../arm-none-eabi/lib/thumb/v7e-m+dp/hard\libc_nano.a(libc_a-strtol.o)
 .text._strtol_r
                0x0800da64        0x4 C:/ST/STM32CubeIDE_1.16.1/STM32CubeIDE/plugins/com.st.stm32cube.ide.mcu.externaltools.gnu-tools-for-stm32.13.3.rel1.win32_1.0.100.202509120712/tools/bin/../lib/gcc/arm-none-eabi/13.3.1/../../../../arm-none-eabi/lib/thumb/v7e-m+dp/hard\libc_nano.a(libc_a-strtol.o)
                0x0800da64                _strtol_r
 .text.__ascii_wctomb
                0x0800da68       0x1a C:/ST/STM32CubeIDE_1.16.1/STM32CubeIDE/plugins/com.st.stm32cube.ide.mcu.externaltools.gnu-tools-for-stm32.13.3.rel1.win32_1.0.100.202509120712/tools/bin/../lib/gcc/arm-none-eabi/13.3.1/../../../../arm-none-eabi/lib/thumb/v7e-m+dp/hard\libc_nano.a(libc_a-wctomb_r.o)
                0x0800da68                __ascii_wctomb
 .text.__ssputs_r
                0x0800da82       0xb6 C:/ST/STM32CubeIDE_1.16.1/STM32CubeIDE/plugins/com.st.stm32cube.ide.mcu.externaltools.gnu-tools-for-stm32.13.3.rel1.win32_1.0.100.202509120712/tools/bin/../lib/gcc/arm-none-eabi/13.3.1/../../../../arm-none-eabi/lib/thumb/v7e-m+dp/hard\libc_nano.a(libc_a-nano-svfprintf.o)
                0x0800da82                __ssputs_r
 .text._svfprintf_r
                0x0800db38      0x1f8 C:/ST/STM32CubeIDE_1.16.1/STM32CubeIDE/plugins/com.st.stm32cube.ide.mcu.externaltools.gnu-tools-for-stm32.13.3.rel1.win32_1.0.100.202509120712/tools/bin/../lib/gcc/arm-none-eabi/13.3.1/../../../../arm-none-eabi/lib/thumb/v7e-m+dp/hard\libc_nano.a(libc_a-nano-svfprintf.o)
                0x0800db38                _svfiprintf_r
                0x0800db38                _svfprintf_r
 .text._sungetc_r
                0x0800dd30       0x7a C:/ST/STM32CubeIDE_1.16.1/STM32CubeIDE/plugins/com.st.stm32cube.ide.mcu.externaltools.gnu-tools-for-stm32.13.3.rel1.win32_1.0.100.202509120712/tools/bin/../lib/gcc/arm-none-eabi/13.3.1/../../../../arm-none-eabi/lib/thumb/v7e-m+dp/hard\libc_nano.a(libc_a-nano-svfscanf.o)
                0x0800dd30                _sungetc_r
 .text.__ssrefill_r
                0x0800ddaa       0x3a C:/ST/STM32CubeIDE_1.16.1/STM32CubeIDE/plugins/com.st.stm32cube.ide.mcu.externaltools.gnu-tools-for-stm32.13.3.rel1.win32_1.0.100.202509120712/tools/bin/../lib/gcc/arm-none-eabi/13.3.1/../../../../arm-none-eabi/lib/thumb/v7e-m+dp/hard\libc_nano.a(libc_a-nano-svfscanf.o)
                0x0800ddaa                __ssrefill_r
 .text.__ssvfscanf_r
                0x0800dde4      0x2ec C:/ST/STM32CubeIDE_1.16.1/STM32CubeIDE/plugins/com.st.stm32cube.ide.mcu.externaltools.gnu-tools-for-stm32.13.3.rel1.win32_1.0.100.202509120712/tools/bin/../lib/gcc/arm-none-eabi/13.3.1/../../../../arm-none-eabi/lib/thumb/v7e-m+dp/hard\libc_nano.a(libc_a-nano-svfscanf.o)
                0x0800dde4                __ssvfiscanf_r
                0x0800dde4                __ssvfscanf_r
 .text.__sfputc_r
                0x0800e0d0       0x2e C:/ST/STM32CubeIDE_1.16.1/STM32CubeIDE/plugins/com.st.stm32cube.ide.mcu.externaltools.gnu-tools-for-stm32.13.3.rel1.win32_1.0.100.202509120712/tools/bin/../lib/gcc/arm-none-eabi/13.3.1/../../../../arm-none-eabi/lib/thumb/v7e-m+dp/hard\libc_nano.a(libc_a-nano-vfprintf.o)
 .text.__sfputs_r
                0x0800e0fe       0x24 C:/ST/STM32CubeIDE_1.16.1/STM32CubeIDE/plugins/com.st.stm32cube.ide.mcu.externaltools.gnu-tools-for-stm32.13.3.rel1.win32_1.0.100.202509120712/tools/bin/../lib/gcc/arm-none-eabi/13.3.1/../../../../arm-none-eabi/lib/thumb/v7e-m+dp/hard\libc_nano.a(libc_a-nano-vfprintf.o)
                0x0800e0fe                __sfputs_r
 *fill*         0x0800e122        0x2 
 .text._vfprintf_r
                0x0800e124      0x230 C:/ST/STM32CubeIDE_1.16.1/STM32CubeIDE/plugins/com.st.stm32cube.ide.mcu.externaltools.gnu-tools-for-stm32.13.3.rel1.win32_1.0.100.202509120712/tools/bin/../lib/gcc/arm-none-eabi/13.3.1/../../../../arm-none-eabi/lib/thumb/v7e-m+dp/hard\libc_nano.a(libc_a-nano-vfprintf.o)
                0x0800e124                _vfprintf_r
                0x0800e124                _vfiprintf_r
 .text._scanf_chars
                0x0800e354       0xb4 C:/ST/STM32CubeIDE_1.16.1/STM32CubeIDE/plugins/com.st.stm32cube.ide.mcu.externaltools.gnu-tools-for-stm32.13.3.rel1.win32_1.0.100.202509120712/tools/bin/../lib/gcc/arm-none-eabi/13.3.1/../../../../arm-none-eabi/lib/thumb/v7e-m+dp/hard\libc_nano.a(libc_a-nano-vfscanf_i.o)
                0x0800e354                _scanf_chars
 .text._scanf_i
                0x0800e408      0x1e8 C:/ST/STM32CubeIDE_1.16.1/STM32CubeIDE/plugins/com.st.stm32cube.ide.mcu.externaltools.gnu-tools-for-stm32.13.3.rel1.win32_1.0.100.202509120712/tools/bin/../lib/gcc/arm-none-eabi/13.3.1/../../../../arm-none-eabi/lib/thumb/v7e-m+dp/hard\libc_nano.a(libc_a-nano-vfscanf_i.o)
                0x0800e408                _scanf_i
 .text.__sflush_r
                0x0800e5f0      0x108 C:/ST/STM32CubeIDE_1.16.1/STM32CubeIDE/plugins/com.st.stm32cube.ide.mcu.externaltools.gnu-tools-for-stm32.13.3.rel1.win32_1.0.100.202509120712/tools/bin/../lib/gcc/arm-none-eabi/13.3.1/../../../../arm-none-eabi/lib/thumb/v7e-m+dp/hard\libc_nano.a(libc_a-fflush.o)
                0x0800e5f0                __sflush_r
 .text._fflush_r
                0x0800e6f8       0x50 C:/ST/STM32CubeIDE_1.16.1/STM32CubeIDE/plugins/com.st.stm32cube.ide.mcu.externaltools.gnu-tools-for-stm32.13.3.rel1.win32_1.0.100.202509120712/tools/bin/../lib/gcc/arm-none-eabi/13.3.1/../../../../arm-none-eabi/lib/thumb/v7e-m+dp/hard\libc_nano.a(libc_a-fflush.o)
                0x0800e6f8                _fflush_r
 .text.__swhatbuf_r
                0x0800e748       0x4c C:/ST/STM32CubeIDE_1.16.1/STM32CubeIDE/plugins/com.st.stm32cube.ide.mcu.externaltools.gnu-tools-for-stm32.13.3.rel1.win32_1.0.100.202509120712/tools/bin/../lib/gcc/arm-none-eabi/13.3.1/../../../../arm-none-eabi/lib/thumb/v7e-m+dp/hard\libc_nano.a(libc_a-makebuf.o)
                0x0800e748                __swhatbuf_r
 .text.__smakebuf_r